20:38:28 **** Incremental Build of configuration Debug for project Hello_World ****
make all 
make: Nothing to be done for `all'.
20:41:22 **** Incremental Build of configuration Debug for project Hello_World ****
make all 
make: Nothing to be done for `all'.
20:44:59 **** Incremental Build of configuration Debug for project Hello_World ****
make all 
make: Nothing to be done for `all'.
20:46:32 **** Incremental Build of configuration Debug for project Hello_World ****
make all 
make: Nothing to be done for `all'.

**** Build of configuration Debug for project C_DataType ****

Nothing to build for project C_DataType
20:55:22 **** Auto Build of configuration Debug for project C_DataType ****
make all 
'Building file: ../src/DataType.c'
'Invoking: MicroBlaze gcc compiler'
mb-gcc -Wall -O0 -g3 -c -fmessage-length=0 -MT"src/DataType.o" -I../../standalone_bsp_0/microblaze_0/include -mlittle-endian -mcpu=v10.0 -mxl-soft-mul -Wl,--no-relax -MMD -MP -MF"src/DataType.d" -MT"src/DataType.o" -o "src/DataType.o" "../src/DataType.c"
'Finished building: ../src/DataType.c'
' '
'Building target: C_DataType.elf'
'Invoking: MicroBlaze gcc linker'
mb-gcc -Wl,-T -Wl,../src/lscript.ld -L../../standalone_bsp_0/microblaze_0/lib -mlittle-endian -mcpu=v10.0 -mxl-soft-mul -Wl,--no-relax -o "C_DataType.elf"  ./src/DataType.o   -Wl,--start-group,-lxil,-lgcc,-lc,--end-group
d:/vivado/xilinx_vivado_sdk_2016.4_1215_1/sdk/2016.4/gnu/microblaze/nt/bin/../lib/gcc/microblaze-xilinx-elf/5.2.0/../../../../microblaze-xilinx-elf/lib/le/crtinit.o: In function `_crtinit':
(.text+0x78): undefined reference to `main'
collect2.exe: error: ld returned 1 exit status
make: *** [C_DataType.elf] ´íÎó 1
20:09:20 **** Auto Build of project standalone_bsp_0 ****
make -k all 
"Running Make include in microblaze_0/libsrc/bram_v4_1/src"
make -C microblaze_0/libsrc/bram_v4_1/src -s include  "SHELL=CMD" "COMPILER=mb-gcc" "ARCHIVER=mb-ar" "COMPILER_FLAGS= -O2 -c -mcpu=v10.0 -mlittle-endian -mxl-soft-mul" "EXTRA_COMPILER_FLAGS=-g"
"Running Make include in microblaze_0/libsrc/cpu_v2_5/src"
make -C microblaze_0/libsrc/cpu_v2_5/src -s include  "SHELL=CMD" "COMPILER=mb-gcc" "ARCHIVER=mb-ar" "COMPILER_FLAGS= -O2 -c -mcpu=v10.0 -mlittle-endian -mxl-soft-mul" "EXTRA_COMPILER_FLAGS=-g"
"Running Make include in microblaze_0/libsrc/gpio_v4_3/src"
make -C microblaze_0/libsrc/gpio_v4_3/src -s include  "SHELL=CMD" "COMPILER=mb-gcc" "ARCHIVER=mb-ar" "COMPILER_FLAGS= -O2 -c -mcpu=v10.0 -mlittle-endian -mxl-soft-mul" "EXTRA_COMPILER_FLAGS=-g"
"Running Make include in microblaze_0/libsrc/standalone_v6_1/src"
make -C microblaze_0/libsrc/standalone_v6_1/src -s include  "SHELL=CMD" "COMPILER=mb-gcc" "ARCHIVER=mb-ar" "COMPILER_FLAGS= -O2 -c -mcpu=v10.0 -mlittle-endian -mxl-soft-mul" "EXTRA_COMPILER_FLAGS=-g"
"Running Make include in microblaze_0/libsrc/uartlite_v3_2/src"
make -C microblaze_0/libsrc/uartlite_v3_2/src -s include  "SHELL=CMD" "COMPILER=mb-gcc" "ARCHIVER=mb-ar" "COMPILER_FLAGS= -O2 -c -mcpu=v10.0 -mlittle-endian -mxl-soft-mul" "EXTRA_COMPILER_FLAGS=-g"
"Running Make libs in microblaze_0/libsrc/bram_v4_1/src"
make -C microblaze_0/libsrc/bram_v4_1/src -s libs  "SHELL=CMD" "COMPILER=mb-gcc" "ARCHIVER=mb-ar" "COMPILER_FLAGS= -O2 -c -mcpu=v10.0 -mlittle-endian -mxl-soft-mul" "EXTRA_COMPILER_FLAGS=-g"
"Compiling bram"
mb-ar: creating ../../../lib/libxil.a
"Running Make libs in microblaze_0/libsrc/cpu_v2_5/src"
make -C microblaze_0/libsrc/cpu_v2_5/src -s libs  "SHELL=CMD" "COMPILER=mb-gcc" "ARCHIVER=mb-ar" "COMPILER_FLAGS= -O2 -c -mcpu=v10.0 -mlittle-endian -mxl-soft-mul" "EXTRA_COMPILER_FLAGS=-g"
"Compiling cpu"
"Running Make libs in microblaze_0/libsrc/gpio_v4_3/src"
make -C microblaze_0/libsrc/gpio_v4_3/src -s libs  "SHELL=CMD" "COMPILER=mb-gcc" "ARCHIVER=mb-ar" "COMPILER_FLAGS= -O2 -c -mcpu=v10.0 -mlittle-endian -mxl-soft-mul" "EXTRA_COMPILER_FLAGS=-g"
"Compiling gpio"
"Running Make libs in microblaze_0/libsrc/standalone_v6_1/src"
make -C microblaze_0/libsrc/standalone_v6_1/src -s libs  "SHELL=CMD" "COMPILER=mb-gcc" "ARCHIVER=mb-ar" "COMPILER_FLAGS= -O2 -c -mcpu=v10.0 -mlittle-endian -mxl-soft-mul" "EXTRA_COMPILER_FLAGS=-g"
"Compiling standalone";
"Running Make libs in microblaze_0/libsrc/uartlite_v3_2/src"
make -C microblaze_0/libsrc/uartlite_v3_2/src -s libs  "SHELL=CMD" "COMPILER=mb-gcc" "ARCHIVER=mb-ar" "COMPILER_FLAGS= -O2 -c -mcpu=v10.0 -mlittle-endian -mxl-soft-mul" "EXTRA_COMPILER_FLAGS=-g"
"Compiling uartlite"
'Finished building libraries'
20:10:19 **** Auto Build of configuration Debug for project Hello_World ****
make all 
'Building file: ../src/helloworld.c'
'Invoking: MicroBlaze gcc compiler'
mb-gcc -Wall -O0 -g3 -c -fmessage-length=0 -MT"src/helloworld.o" -I../../standalone_bsp_0/microblaze_0/include -mlittle-endian -mcpu=v10.0 -mxl-soft-mul -Wl,--no-relax -MMD -MP -MF"src/helloworld.d" -MT"src/helloworld.o" -o "src/helloworld.o" "../src/helloworld.c"
'Finished building: ../src/helloworld.c'
' '
'Building file: ../src/platform.c'
'Invoking: MicroBlaze gcc compiler'
mb-gcc -Wall -O0 -g3 -c -fmessage-length=0 -MT"src/platform.o" -I../../standalone_bsp_0/microblaze_0/include -mlittle-endian -mcpu=v10.0 -mxl-soft-mul -Wl,--no-relax -MMD -MP -MF"src/platform.d" -MT"src/platform.o" -o "src/platform.o" "../src/platform.c"
'Finished building: ../src/platform.c'
' '
'Building target: Hello_World.elf'
'Invoking: MicroBlaze gcc linker'
mb-gcc -Wl,-T -Wl,../src/lscript.ld -L../../standalone_bsp_0/microblaze_0/lib -mlittle-endian -mcpu=v10.0 -mxl-soft-mul -Wl,--no-relax -o "Hello_World.elf"  ./src/helloworld.o ./src/platform.o   -Wl,--start-group,-lxil,-lgcc,-lc,--end-group
'Finished building target: Hello_World.elf'
' '
'Invoking: MicroBlaze Print Size'
mb-size Hello_World.elf  |tee "Hello_World.elf.size"
   text	   data	    bss	    dec	    hex	filename
   2852	    292	   3128	   6272	   1880	Hello_World.elf
'Finished building: Hello_World.elf.size'
' '
20:10:27 **** Clean-only build of configuration Debug for project C_DataType ****
make clean 
rm -rf  ./src/DataType.o  ./src/DataType.d  C_DataType.elf.size  C_DataType.elf
' '
20:10:28 **** Auto Build of configuration Debug for project C_DataType ****
make all 
'Building file: ../src/DataType.c'
'Invoking: MicroBlaze gcc compiler'
mb-gcc -Wall -O0 -g3 -c -fmessage-length=0 -MT"src/DataType.o" -I../../standalone_bsp_0/microblaze_0/include -mlittle-endian -mcpu=v10.0 -mxl-soft-mul -Wl,--no-relax -MMD -MP -MF"src/DataType.d" -MT"src/DataType.o" -o "src/DataType.o" "../src/DataType.c"
'Finished building: ../src/DataType.c'
' '
'Building target: C_DataType.elf'
'Invoking: MicroBlaze gcc linker'
mb-gcc -Wl,-T -Wl,../src/lscript.ld -L../../standalone_bsp_0/microblaze_0/lib -mlittle-endian -mcpu=v10.0 -mxl-soft-mul -Wl,--no-relax -o "C_DataType.elf"  ./src/DataType.o   -Wl,--start-group,-lxil,-lgcc,-lc,--end-group
d:/vivado/xilinx_vivado_sdk_2016.4_1215_1/sdk/2016.4/gnu/microblaze/nt/bin/../lib/gcc/microblaze-xilinx-elf/5.2.0/../../../../microblaze-xilinx-elf/lib/le/crtinit.o: In function `_crtinit':
(.text+0x78): undefined reference to `main'
collect2.exe: error: ld returned 1 exit status
make: *** [C_DataType.elf] ´íÎó 1

**** Build of configuration Debug for project button_in ****

Nothing to build for project button_in
20:21:49 **** Auto Build of configuration Debug for project button_in ****
make all 
'Building file: ../src/button_in.c'
'Invoking: MicroBlaze gcc compiler'
mb-gcc -Wall -O0 -g3 -c -fmessage-length=0 -MT"src/button_in.o" -I../../standalone_bsp_0/microblaze_0/include -mlittle-endian -mcpu=v10.0 -mxl-soft-mul -Wl,--no-relax -MMD -MP -MF"src/button_in.d" -MT"src/button_in.o" -o "src/button_in.o" "../src/button_in.c"
'Finished building: ../src/button_in.c'
' '
'Building target: button_in.elf'
'Invoking: MicroBlaze gcc linker'
mb-gcc -Wl,-T -Wl,../src/lscript.ld -L../../standalone_bsp_0/microblaze_0/lib -mlittle-endian -mcpu=v10.0 -mxl-soft-mul -Wl,--no-relax -o "button_in.elf"  ./src/button_in.o   -Wl,--start-group,-lxil,-lgcc,-lc,--end-group
d:/vivado/xilinx_vivado_sdk_2016.4_1215_1/sdk/2016.4/gnu/microblaze/nt/bin/../lib/gcc/microblaze-xilinx-elf/5.2.0/../../../../microblaze-xilinx-elf/lib/le/crtinit.o: In function `_crtinit':
(.text+0x78): undefined reference to `main'
collect2.exe: error: ld returned 1 exit status
make: *** [button_in.elf] ´íÎó 1
20:29:49 **** Auto Build of configuration Debug for project button_in ****
make all 
'Building file: ../src/button_in.c'
'Invoking: MicroBlaze gcc compiler'
mb-gcc -Wall -O0 -g3 -c -fmessage-length=0 -MT"src/button_in.o" -I../../standalone_bsp_0/microblaze_0/include -mlittle-endian -mcpu=v10.0 -mxl-soft-mul -Wl,--no-relax -MMD -MP -MF"src/button_in.d" -MT"src/button_in.o" -o "src/button_in.o" "../src/button_in.c"
'Finished building: ../src/button_in.c'
' '
'Building target: button_in.elf'
'Invoking: MicroBlaze gcc linker'
mb-gcc -Wl,-T -Wl,../src/lscript.ld -L../../standalone_bsp_0/microblaze_0/lib -mlittle-endian -mcpu=v10.0 -mxl-soft-mul -Wl,--no-relax -o "button_in.elf"  ./src/button_in.o   -Wl,--start-group,-lxil,-lgcc,-lc,--end-group
'Finished building target: button_in.elf'
' '
'Invoking: MicroBlaze Print Size'
mb-size button_in.elf  |tee "button_in.elf.size"
   text	   data	    bss	    dec	    hex	filename
   5608	    296	   3120	   9024	   2340	button_in.elf
'Finished building: button_in.elf.size'
' '
20:31:23 **** Auto Build of configuration Debug for project button_in ****
make all 
'Building file: ../src/button_in.c'
'Invoking: MicroBlaze gcc compiler'
mb-gcc -Wall -O0 -g3 -c -fmessage-length=0 -MT"src/button_in.o" -I../../standalone_bsp_0/microblaze_0/include -mlittle-endian -mcpu=v10.0 -mxl-soft-mul -Wl,--no-relax -MMD -MP -MF"src/button_in.d" -MT"src/button_in.o" -o "src/button_in.o" "../src/button_in.c"
'Finished building: ../src/button_in.c'
' '
'Building target: button_in.elf'
'Invoking: MicroBlaze gcc linker'
mb-gcc -Wl,-T -Wl,../src/lscript.ld -L../../standalone_bsp_0/microblaze_0/lib -mlittle-endian -mcpu=v10.0 -mxl-soft-mul -Wl,--no-relax -o "button_in.elf"  ./src/button_in.o   -Wl,--start-group,-lxil,-lgcc,-lc,--end-group
'Finished building target: button_in.elf'
' '
'Invoking: MicroBlaze Print Size'
mb-size button_in.elf  |tee "button_in.elf.size"
   text	   data	    bss	    dec	    hex	filename
   5608	    296	   3120	   9024	   2340	button_in.elf
'Finished building: button_in.elf.size'
' '

**** Build of configuration Debug for project switch_in ****

Nothing to build for project switch_in
20:33:43 **** Auto Build of configuration Debug for project switch_in ****
make all 
'Building file: ../src/switch_in.c'
'Invoking: MicroBlaze gcc compiler'
mb-gcc -Wall -O0 -g3 -c -fmessage-length=0 -MT"src/switch_in.o" -I../../standalone_bsp_0/microblaze_0/include -mlittle-endian -mcpu=v10.0 -mxl-soft-mul -Wl,--no-relax -MMD -MP -MF"src/switch_in.d" -MT"src/switch_in.o" -o "src/switch_in.o" "../src/switch_in.c"
'Finished building: ../src/switch_in.c'
' '
'Building target: switch_in.elf'
'Invoking: MicroBlaze gcc linker'
mb-gcc -Wl,-T -Wl,../src/lscript.ld -L../../standalone_bsp_0/microblaze_0/lib -mlittle-endian -mcpu=v10.0 -mxl-soft-mul -Wl,--no-relax -o "switch_in.elf"  ./src/switch_in.o   -Wl,--start-group,-lxil,-lgcc,-lc,--end-group
d:/vivado/xilinx_vivado_sdk_2016.4_1215_1/sdk/2016.4/gnu/microblaze/nt/bin/../lib/gcc/microblaze-xilinx-elf/5.2.0/../../../../microblaze-xilinx-elf/lib/le/crtinit.o: In function `_crtinit':
(.text+0x78): undefined reference to `main'
collect2.exe: error: ld returned 1 exit status
make: *** [switch_in.elf] ´íÎó 1
20:39:31 **** Auto Build of configuration Debug for project switch_in ****
make all 
'Building file: ../src/switch_in.c'
'Invoking: MicroBlaze gcc compiler'
mb-gcc -Wall -O0 -g3 -c -fmessage-length=0 -MT"src/switch_in.o" -I../../standalone_bsp_0/microblaze_0/include -mlittle-endian -mcpu=v10.0 -mxl-soft-mul -Wl,--no-relax -MMD -MP -MF"src/switch_in.d" -MT"src/switch_in.o" -o "src/switch_in.o" "../src/switch_in.c"
'Finished building: ../src/switch_in.c'
' '
'Building target: switch_in.elf'
'Invoking: MicroBlaze gcc linker'
mb-gcc -Wl,-T -Wl,../src/lscript.ld -L../../standalone_bsp_0/microblaze_0/lib -mlittle-endian -mcpu=v10.0 -mxl-soft-mul -Wl,--no-relax -o "switch_in.elf"  ./src/switch_in.o   -Wl,--start-group,-lxil,-lgcc,-lc,--end-group
'Finished building target: switch_in.elf'
' '
'Invoking: MicroBlaze Print Size'
mb-size switch_in.elf  |tee "switch_in.elf.size"
   text	   data	    bss	    dec	    hex	filename
   5564	    296	   3124	   8984	   2318	switch_in.elf
'Finished building: switch_in.elf.size'
' '
20:40:33 **** Auto Build of configuration Debug for project switch_in ****
make all 
'Building file: ../src/switch_in.c'
'Invoking: MicroBlaze gcc compiler'
mb-gcc -Wall -O0 -g3 -c -fmessage-length=0 -MT"src/switch_in.o" -I../../standalone_bsp_0/microblaze_0/include -mlittle-endian -mcpu=v10.0 -mxl-soft-mul -Wl,--no-relax -MMD -MP -MF"src/switch_in.d" -MT"src/switch_in.o" -o "src/switch_in.o" "../src/switch_in.c"
'Finished building: ../src/switch_in.c'
' '
'Building target: switch_in.elf'
'Invoking: MicroBlaze gcc linker'
mb-gcc -Wl,-T -Wl,../src/lscript.ld -L../../standalone_bsp_0/microblaze_0/lib -mlittle-endian -mcpu=v10.0 -mxl-soft-mul -Wl,--no-relax -o "switch_in.elf"  ./src/switch_in.o   -Wl,--start-group,-lxil,-lgcc,-lc,--end-group
'Finished building target: switch_in.elf'
' '
'Invoking: MicroBlaze Print Size'
mb-size switch_in.elf  |tee "switch_in.elf.size"
   text	   data	    bss	    dec	    hex	filename
   5564	    296	   3124	   8984	   2318	switch_in.elf
'Finished building: switch_in.elf.size'
' '

**** Build of configuration Debug for project led_out ****

Nothing to build for project led_out
20:43:57 **** Auto Build of configuration Debug for project led_out ****
make all 
'Building file: ../src/led_out.c'
'Invoking: MicroBlaze gcc compiler'
mb-gcc -Wall -O0 -g3 -c -fmessage-length=0 -MT"src/led_out.o" -I../../standalone_bsp_0/microblaze_0/include -mlittle-endian -mcpu=v10.0 -mxl-soft-mul -Wl,--no-relax -MMD -MP -MF"src/led_out.d" -MT"src/led_out.o" -o "src/led_out.o" "../src/led_out.c"
'Finished building: ../src/led_out.c'
' '
'Building target: led_out.elf'
'Invoking: MicroBlaze gcc linker'
mb-gcc -Wl,-T -Wl,../src/lscript.ld -L../../standalone_bsp_0/microblaze_0/lib -mlittle-endian -mcpu=v10.0 -mxl-soft-mul -Wl,--no-relax -o "led_out.elf"  ./src/led_out.o   -Wl,--start-group,-lxil,-lgcc,-lc,--end-group
d:/vivado/xilinx_vivado_sdk_2016.4_1215_1/sdk/2016.4/gnu/microblaze/nt/bin/../lib/gcc/microblaze-xilinx-elf/5.2.0/../../../../microblaze-xilinx-elf/lib/le/crtinit.o: In function `_crtinit':
(.text+0x78): undefined reference to `main'
collect2.exe: error: ld returned 1 exit status
make: *** [led_out.elf] ´íÎó 1
21:07:27 **** Auto Build of configuration Debug for project led_out ****
make all 
'Building file: ../src/led_out.c'
'Invoking: MicroBlaze gcc compiler'
mb-gcc -Wall -O0 -g3 -c -fmessage-length=0 -MT"src/led_out.o" -I../../standalone_bsp_0/microblaze_0/include -mlittle-endian -mcpu=v10.0 -mxl-soft-mul -Wl,--no-relax -MMD -MP -MF"src/led_out.d" -MT"src/led_out.o" -o "src/led_out.o" "../src/led_out.c"
'Finished building: ../src/led_out.c'
' '
'Building target: led_out.elf'
'Invoking: MicroBlaze gcc linker'
mb-gcc -Wl,-T -Wl,../src/lscript.ld -L../../standalone_bsp_0/microblaze_0/lib -mlittle-endian -mcpu=v10.0 -mxl-soft-mul -Wl,--no-relax -o "led_out.elf"  ./src/led_out.o   -Wl,--start-group,-lxil,-lgcc,-lc,--end-group
'Finished building target: led_out.elf'
' '
'Invoking: MicroBlaze Print Size'
mb-size led_out.elf  |tee "led_out.elf.size"
   text	   data	    bss	    dec	    hex	filename
   5720	    296	   3120	   9136	   23b0	led_out.elf
'Finished building: led_out.elf.size'
' '

**** Build of configuration Debug for project segment_display ****

Nothing to build for project segment_display
21:09:09 **** Auto Build of configuration Debug for project segment_display ****
make all 
'Building file: ../src/segment_display.c'
'Invoking: MicroBlaze gcc compiler'
mb-gcc -Wall -O0 -g3 -c -fmessage-length=0 -MT"src/segment_display.o" -I../../standalone_bsp_0/microblaze_0/include -mlittle-endian -mcpu=v10.0 -mxl-soft-mul -Wl,--no-relax -MMD -MP -MF"src/segment_display.d" -MT"src/segment_display.o" -o "src/segment_display.o" "../src/segment_display.c"
'Finished building: ../src/segment_display.c'
' '
'Building target: segment_display.elf'
'Invoking: MicroBlaze gcc linker'
mb-gcc -Wl,-T -Wl,../src/lscript.ld -L../../standalone_bsp_0/microblaze_0/lib -mlittle-endian -mcpu=v10.0 -mxl-soft-mul -Wl,--no-relax -o "segment_display.elf"  ./src/segment_display.o   -Wl,--start-group,-lxil,-lgcc,-lc,--end-group
d:/vivado/xilinx_vivado_sdk_2016.4_1215_1/sdk/2016.4/gnu/microblaze/nt/bin/../lib/gcc/microblaze-xilinx-elf/5.2.0/../../../../microblaze-xilinx-elf/lib/le/crtinit.o: In function `_crtinit':
(.text+0x78): undefined reference to `main'
collect2.exe: error: ld returned 1 exit status
make: *** [segment_display.elf] ´íÎó 1
21:18:17 **** Auto Build of configuration Debug for project segment_display ****
make all 
'Building file: ../src/segment_display.c'
'Invoking: MicroBlaze gcc compiler'
mb-gcc -Wall -O0 -g3 -c -fmessage-length=0 -MT"src/segment_display.o" -I../../standalone_bsp_0/microblaze_0/include -mlittle-endian -mcpu=v10.0 -mxl-soft-mul -Wl,--no-relax -MMD -MP -MF"src/segment_display.d" -MT"src/segment_display.o" -o "src/segment_display.o" "../src/segment_display.c"
'Finished building: ../src/segment_display.c'
' '
'Building target: segment_display.elf'
'Invoking: MicroBlaze gcc linker'
mb-gcc -Wl,-T -Wl,../src/lscript.ld -L../../standalone_bsp_0/microblaze_0/lib -mlittle-endian -mcpu=v10.0 -mxl-soft-mul -Wl,--no-relax -o "segment_display.elf"  ./src/segment_display.o   -Wl,--start-group,-lxil,-lgcc,-lc,--end-group
'Finished building target: segment_display.elf'
' '
'Invoking: MicroBlaze Print Size'
mb-size segment_display.elf  |tee "segment_display.elf.size"
   text	   data	    bss	    dec	    hex	filename
   2448	    292	   3124	   5864	   16e8	segment_display.elf
'Finished building: segment_display.elf.size'
' '
22:37:04 **** Incremental Build of configuration Debug for project button_in ****
make all 
make: Nothing to be done for `all'.
22:38:31 **** Incremental Build of configuration Debug for project segment_display ****
make all 
make: Nothing to be done for `all'.
22:38:32 **** Incremental Build of configuration Debug for project led_out ****
make all 
make: Nothing to be done for `all'.
22:38:33 **** Incremental Build of configuration Debug for project button_in ****
make all 
make: Nothing to be done for `all'.
22:38:34 **** Incremental Build of configuration Debug for project Hello_World ****
make all 
make: Nothing to be done for `all'.
22:38:35 **** Incremental Build of configuration Debug for project switch_in ****
make all 
make: Nothing to be done for `all'.
22:39:32 **** Incremental Build of configuration Debug for project segment_display ****
make all 
make: Nothing to be done for `all'.
22:39:34 **** Incremental Build of configuration Debug for project led_out ****
make all 
make: Nothing to be done for `all'.
22:39:34 **** Incremental Build of configuration Debug for project button_in ****
make all 
make: Nothing to be done for `all'.
22:39:35 **** Incremental Build of configuration Debug for project Hello_World ****
make all 
make: Nothing to be done for `all'.
22:39:36 **** Incremental Build of configuration Debug for project switch_in ****
make all 
make: Nothing to be done for `all'.
22:40:08 **** Incremental Build of configuration Debug for project segment_display ****
make all 
make: Nothing to be done for `all'.
22:40:09 **** Incremental Build of configuration Debug for project led_out ****
make all 
make: Nothing to be done for `all'.
22:40:10 **** Incremental Build of configuration Debug for project button_in ****
make all 
make: Nothing to be done for `all'.
22:40:10 **** Incremental Build of configuration Debug for project Hello_World ****
make all 
make: Nothing to be done for `all'.
22:40:11 **** Incremental Build of configuration Debug for project switch_in ****
make all 
make: Nothing to be done for `all'.
22:40:36 **** Incremental Build of configuration Debug for project segment_display ****
make all 
make: Nothing to be done for `all'.
22:40:37 **** Incremental Build of configuration Debug for project led_out ****
make all 
make: Nothing to be done for `all'.
22:40:38 **** Incremental Build of configuration Debug for project button_in ****
make all 
make: Nothing to be done for `all'.
22:40:39 **** Incremental Build of configuration Debug for project Hello_World ****
make all 
make: Nothing to be done for `all'.
22:40:39 **** Incremental Build of configuration Debug for project switch_in ****
make all 
make: Nothing to be done for `all'.
22:40:48 **** Incremental Build of configuration Debug for project segment_display ****
make all 
make: Nothing to be done for `all'.
22:40:49 **** Incremental Build of configuration Debug for project led_out ****
make all 
make: Nothing to be done for `all'.
22:40:50 **** Incremental Build of configuration Debug for project button_in ****
make all 
make: Nothing to be done for `all'.
22:40:50 **** Incremental Build of configuration Debug for project Hello_World ****
make all 
make: Nothing to be done for `all'.
22:40:51 **** Incremental Build of configuration Debug for project switch_in ****
make all 
make: Nothing to be done for `all'.
22:41:06 **** Incremental Build of configuration Debug for project segment_display ****
make all 
make: Nothing to be done for `all'.
22:41:07 **** Incremental Build of configuration Debug for project led_out ****
make all 
make: Nothing to be done for `all'.
22:41:08 **** Incremental Build of configuration Debug for project button_in ****
make all 
make: Nothing to be done for `all'.
22:41:08 **** Incremental Build of configuration Debug for project Hello_World ****
make all 
make: Nothing to be done for `all'.
22:41:09 **** Incremental Build of configuration Debug for project switch_in ****
make all 
make: Nothing to be done for `all'.
22:41:18 **** Incremental Build of configuration Debug for project segment_display ****
make all 
make: Nothing to be done for `all'.
22:41:19 **** Incremental Build of configuration Debug for project led_out ****
make all 
make: Nothing to be done for `all'.
22:41:19 **** Incremental Build of configuration Debug for project button_in ****
make all 
make: Nothing to be done for `all'.
22:41:20 **** Incremental Build of configuration Debug for project Hello_World ****
make all 
make: Nothing to be done for `all'.
22:41:21 **** Incremental Build of configuration Debug for project switch_in ****
make all 
make: Nothing to be done for `all'.
22:41:33 **** Incremental Build of configuration Debug for project segment_display ****
make all 
make: Nothing to be done for `all'.
22:41:34 **** Incremental Build of configuration Debug for project led_out ****
make all 
make: Nothing to be done for `all'.
22:41:35 **** Incremental Build of configuration Debug for project button_in ****
make all 
make: Nothing to be done for `all'.
22:41:35 **** Incremental Build of configuration Debug for project Hello_World ****
make all 
make: Nothing to be done for `all'.
22:41:36 **** Incremental Build of configuration Debug for project switch_in ****
make all 
make: Nothing to be done for `all'.
22:43:43 **** Incremental Build of configuration Debug for project segment_display ****
make all 
make: Nothing to be done for `all'.
22:43:44 **** Incremental Build of configuration Debug for project led_out ****
make all 
make: Nothing to be done for `all'.
22:43:45 **** Incremental Build of configuration Debug for project button_in ****
make all 
make: Nothing to be done for `all'.
22:43:46 **** Incremental Build of configuration Debug for project Hello_World ****
make all 
make: Nothing to be done for `all'.
22:43:46 **** Incremental Build of configuration Debug for project switch_in ****
make all 
make: Nothing to be done for `all'.
22:45:08 **** Incremental Build of configuration Debug for project segment_display ****
make all 
make: Nothing to be done for `all'.
22:45:09 **** Incremental Build of configuration Debug for project led_out ****
make all 
make: Nothing to be done for `all'.
22:45:10 **** Incremental Build of configuration Debug for project button_in ****
make all 
make: Nothing to be done for `all'.
22:45:11 **** Incremental Build of configuration Debug for project Hello_World ****
make all 
make: Nothing to be done for `all'.
22:45:11 **** Incremental Build of configuration Debug for project switch_in ****
make all 
make: Nothing to be done for `all'.
22:49:45 **** Incremental Build of configuration Debug for project segment_display ****
make all 
make: Nothing to be done for `all'.
22:49:46 **** Incremental Build of configuration Debug for project led_out ****
make all 
make: Nothing to be done for `all'.
22:49:46 **** Incremental Build of configuration Debug for project button_in ****
make all 
make: Nothing to be done for `all'.
22:49:47 **** Incremental Build of configuration Debug for project Hello_World ****
make all 
make: Nothing to be done for `all'.
22:49:48 **** Incremental Build of configuration Debug for project switch_in ****
make all 
make: Nothing to be done for `all'.
22:50:11 **** Incremental Build of configuration Debug for project segment_display ****
make all 
make: Nothing to be done for `all'.
22:50:12 **** Incremental Build of configuration Debug for project led_out ****
make all 
make: Nothing to be done for `all'.
22:50:13 **** Incremental Build of configuration Debug for project button_in ****
make all 
make: Nothing to be done for `all'.
22:50:13 **** Incremental Build of configuration Debug for project Hello_World ****
make all 
make: Nothing to be done for `all'.
22:50:14 **** Incremental Build of configuration Debug for project switch_in ****
make all 
make: Nothing to be done for `all'.
22:52:50 **** Incremental Build of configuration Debug for project segment_display ****
make all 
make: Nothing to be done for `all'.
22:52:51 **** Incremental Build of configuration Debug for project led_out ****
make all 
make: Nothing to be done for `all'.
22:52:52 **** Incremental Build of configuration Debug for project button_in ****
make all 
make: Nothing to be done for `all'.
22:52:53 **** Incremental Build of configuration Debug for project Hello_World ****
make all 
make: Nothing to be done for `all'.
22:52:53 **** Incremental Build of configuration Debug for project switch_in ****
make all 
make: Nothing to be done for `all'.
22:54:27 **** Incremental Build of configuration Debug for project segment_display ****
make all 
make: Nothing to be done for `all'.
22:54:28 **** Incremental Build of configuration Debug for project led_out ****
make all 
make: Nothing to be done for `all'.
22:54:28 **** Incremental Build of configuration Debug for project button_in ****
make all 
make: Nothing to be done for `all'.
22:54:29 **** Incremental Build of configuration Debug for project Hello_World ****
make all 
make: Nothing to be done for `all'.
22:54:30 **** Incremental Build of configuration Debug for project switch_in ****
make all 
make: Nothing to be done for `all'.
22:58:21 **** Incremental Build of configuration Debug for project segment_display ****
make all 
make: Nothing to be done for `all'.
22:58:22 **** Incremental Build of configuration Debug for project led_out ****
make all 
make: Nothing to be done for `all'.
22:58:22 **** Incremental Build of configuration Debug for project button_in ****
make all 
make: Nothing to be done for `all'.
22:58:23 **** Incremental Build of configuration Debug for project Hello_World ****
make all 
make: Nothing to be done for `all'.
22:58:24 **** Incremental Build of configuration Debug for project switch_in ****
make all 
make: Nothing to be done for `all'.
22:58:53 **** Incremental Build of configuration Debug for project segment_display ****
make all 
make: Nothing to be done for `all'.
22:58:54 **** Incremental Build of configuration Debug for project led_out ****
make all 
make: Nothing to be done for `all'.
22:58:55 **** Incremental Build of configuration Debug for project button_in ****
make all 
make: Nothing to be done for `all'.
22:58:55 **** Incremental Build of configuration Debug for project Hello_World ****
make all 
make: Nothing to be done for `all'.
22:58:56 **** Incremental Build of configuration Debug for project switch_in ****
make all 
make: Nothing to be done for `all'.
23:01:22 **** Incremental Build of configuration Debug for project segment_display ****
make all 
make: Nothing to be done for `all'.
23:01:23 **** Incremental Build of configuration Debug for project led_out ****
make all 
make: Nothing to be done for `all'.
23:01:24 **** Incremental Build of configuration Debug for project button_in ****
make all 
make: Nothing to be done for `all'.
23:01:24 **** Incremental Build of configuration Debug for project Hello_World ****
make all 
make: Nothing to be done for `all'.
23:01:25 **** Incremental Build of configuration Debug for project switch_in ****
make all 
make: Nothing to be done for `all'.
23:12:28 **** Auto Build of configuration Debug for project segment_display ****
make all 
'Building file: ../src/segment_display.c'
'Invoking: MicroBlaze gcc compiler'
mb-gcc -Wall -O0 -g3 -c -fmessage-length=0 -MT"src/segment_display.o" -I../../standalone_bsp_0/microblaze_0/include -mlittle-endian -mcpu=v10.0 -mxl-soft-mul -Wl,--no-relax -MMD -MP -MF"src/segment_display.d" -MT"src/segment_display.o" -o "src/segment_display.o" "../src/segment_display.c"
'Finished building: ../src/segment_display.c'
' '
'Building target: segment_display.elf'
'Invoking: MicroBlaze gcc linker'
mb-gcc -Wl,-T -Wl,../src/lscript.ld -L../../standalone_bsp_0/microblaze_0/lib -mlittle-endian -mcpu=v10.0 -mxl-soft-mul -Wl,--no-relax -o "segment_display.elf"  ./src/segment_display.o   -Wl,--start-group,-lxil,-lgcc,-lc,--end-group
'Finished building target: segment_display.elf'
' '
'Invoking: MicroBlaze Print Size'
mb-size segment_display.elf  |tee "segment_display.elf.size"
   text	   data	    bss	    dec	    hex	filename
   2448	    292	   3124	   5864	   16e8	segment_display.elf
'Finished building: segment_display.elf.size'
' '
23:21:42 **** Incremental Build of configuration Debug for project segment_display ****
make all 
make: Nothing to be done for `all'.
23:21:43 **** Incremental Build of configuration Debug for project led_out ****
make all 
make: Nothing to be done for `all'.
23:21:44 **** Incremental Build of configuration Debug for project button_in ****
make all 
make: Nothing to be done for `all'.
23:21:44 **** Incremental Build of configuration Debug for project Hello_World ****
make all 
make: Nothing to be done for `all'.
23:21:45 **** Incremental Build of configuration Debug for project switch_in ****
make all 
make: Nothing to be done for `all'.
23:24:19 **** Incremental Build of configuration Debug for project segment_display ****
make all 
make: Nothing to be done for `all'.
23:24:21 **** Incremental Build of configuration Debug for project led_out ****
make all 
make: Nothing to be done for `all'.
23:24:21 **** Incremental Build of configuration Debug for project button_in ****
make all 
make: Nothing to be done for `all'.
23:24:22 **** Incremental Build of configuration Debug for project Hello_World ****
make all 
make: Nothing to be done for `all'.
23:24:23 **** Incremental Build of configuration Debug for project switch_in ****
make all 
make: Nothing to be done for `all'.
23:24:31 **** Incremental Build of configuration Debug for project segment_display ****
make all 
make: Nothing to be done for `all'.
23:24:32 **** Incremental Build of configuration Debug for project led_out ****
make all 
make: Nothing to be done for `all'.
23:24:32 **** Incremental Build of configuration Debug for project button_in ****
make all 
make: Nothing to be done for `all'.
23:24:33 **** Incremental Build of configuration Debug for project Hello_World ****
make all 
make: Nothing to be done for `all'.
23:24:34 **** Incremental Build of configuration Debug for project switch_in ****
make all 
make: Nothing to be done for `all'.
23:24:54 **** Incremental Build of configuration Debug for project segment_display ****
make all 
make: Nothing to be done for `all'.
23:24:55 **** Incremental Build of configuration Debug for project led_out ****
make all 
make: Nothing to be done for `all'.
23:24:56 **** Incremental Build of configuration Debug for project button_in ****
make all 
make: Nothing to be done for `all'.
23:24:56 **** Incremental Build of configuration Debug for project Hello_World ****
make all 
make: Nothing to be done for `all'.
23:24:57 **** Incremental Build of configuration Debug for project switch_in ****
make all 
make: Nothing to be done for `all'.
23:41:04 **** Incremental Build of configuration Debug for project segment_display ****
make all 
make: Nothing to be done for `all'.
23:41:05 **** Incremental Build of configuration Debug for project led_out ****
make all 
make: Nothing to be done for `all'.
23:41:06 **** Incremental Build of configuration Debug for project button_in ****
make all 
make: Nothing to be done for `all'.
23:41:06 **** Incremental Build of configuration Debug for project Hello_World ****
make all 
make: Nothing to be done for `all'.
23:41:07 **** Incremental Build of configuration Debug for project switch_in ****
make all 
make: Nothing to be done for `all'.
23:42:46 **** Incremental Build of configuration Debug for project segment_display ****
make all 
make: Nothing to be done for `all'.
23:42:47 **** Incremental Build of configuration Debug for project led_out ****
make all 
make: Nothing to be done for `all'.
23:42:48 **** Incremental Build of configuration Debug for project button_in ****
make all 
make: Nothing to be done for `all'.
23:42:49 **** Incremental Build of configuration Debug for project Hello_World ****
make all 
make: Nothing to be done for `all'.
23:42:49 **** Incremental Build of configuration Debug for project switch_in ****
make all 
make: Nothing to be done for `all'.
23:42:50 **** Incremental Build of configuration Debug for project segment_display ****
make all 
make: Nothing to be done for `all'.
23:42:51 **** Incremental Build of configuration Debug for project led_out ****
make all 
make: Nothing to be done for `all'.
23:42:51 **** Incremental Build of configuration Debug for project button_in ****
make all 
make: Nothing to be done for `all'.
23:42:52 **** Incremental Build of configuration Debug for project Hello_World ****
make all 
make: Nothing to be done for `all'.
23:42:53 **** Incremental Build of configuration Debug for project switch_in ****
make all 
make: Nothing to be done for `all'.
23:53:34 **** Incremental Build of configuration Debug for project segment_display ****
make all 
make: Nothing to be done for `all'.
23:53:36 **** Incremental Build of configuration Debug for project led_out ****
make all 
make: Nothing to be done for `all'.
23:53:36 **** Incremental Build of configuration Debug for project button_in ****
make all 
make: Nothing to be done for `all'.
23:53:37 **** Incremental Build of configuration Debug for project Hello_World ****
make all 
make: Nothing to be done for `all'.
23:53:38 **** Incremental Build of configuration Debug for project switch_in ****
make all 
make: Nothing to be done for `all'.
23:54:03 **** Incremental Build of configuration Debug for project segment_display ****
make all 
make: Nothing to be done for `all'.
23:54:04 **** Incremental Build of configuration Debug for project led_out ****
make all 
make: Nothing to be done for `all'.
23:54:05 **** Incremental Build of configuration Debug for project button_in ****
make all 
make: Nothing to be done for `all'.
23:54:06 **** Incremental Build of configuration Debug for project Hello_World ****
make all 
make: Nothing to be done for `all'.
23:54:06 **** Incremental Build of configuration Debug for project switch_in ****
make all 
make: Nothing to be done for `all'.
23:54:43 **** Incremental Build of configuration Debug for project segment_display ****
make all 
make: Nothing to be done for `all'.
23:54:45 **** Incremental Build of configuration Debug for project led_out ****
make all 
make: Nothing to be done for `all'.
23:54:45 **** Incremental Build of configuration Debug for project button_in ****
make all 
make: Nothing to be done for `all'.
23:54:46 **** Incremental Build of configuration Debug for project Hello_World ****
make all 
make: Nothing to be done for `all'.
23:54:47 **** Incremental Build of configuration Debug for project switch_in ****
make all 
make: Nothing to be done for `all'.
23:54:56 **** Incremental Build of configuration Debug for project segment_display ****
make all 
make: Nothing to be done for `all'.
23:54:57 **** Incremental Build of configuration Debug for project led_out ****
make all 
make: Nothing to be done for `all'.
23:54:58 **** Incremental Build of configuration Debug for project button_in ****
make all 
make: Nothing to be done for `all'.
23:54:58 **** Incremental Build of configuration Debug for project Hello_World ****
make all 
make: Nothing to be done for `all'.
23:54:59 **** Incremental Build of configuration Debug for project switch_in ****
make all 
make: Nothing to be done for `all'.
23:55:56 **** Incremental Build of configuration Debug for project segment_display ****
make all 
make: Nothing to be done for `all'.
23:55:57 **** Incremental Build of configuration Debug for project led_out ****
make all 
make: Nothing to be done for `all'.
23:55:58 **** Incremental Build of configuration Debug for project button_in ****
make all 
make: Nothing to be done for `all'.
23:55:58 **** Incremental Build of configuration Debug for project Hello_World ****
make all 
make: Nothing to be done for `all'.
23:55:59 **** Incremental Build of configuration Debug for project switch_in ****
make all 
make: Nothing to be done for `all'.
11:02:54 **** Auto Build of project standalone_bsp_0 ****
make -k all 
"Running Make include in microblaze_0/libsrc/bram_v4_1/src"
make -C microblaze_0/libsrc/bram_v4_1/src -s include  "SHELL=CMD" "COMPILER=mb-gcc" "ARCHIVER=mb-ar" "COMPILER_FLAGS= -O2 -c -mcpu=v10.0 -mlittle-endian -mxl-soft-mul" "EXTRA_COMPILER_FLAGS=-g"
"Running Make include in microblaze_0/libsrc/cpu_v2_5/src"
make -C microblaze_0/libsrc/cpu_v2_5/src -s include  "SHELL=CMD" "COMPILER=mb-gcc" "ARCHIVER=mb-ar" "COMPILER_FLAGS= -O2 -c -mcpu=v10.0 -mlittle-endian -mxl-soft-mul" "EXTRA_COMPILER_FLAGS=-g"
"Running Make include in microblaze_0/libsrc/gpio_v4_3/src"
make -C microblaze_0/libsrc/gpio_v4_3/src -s include  "SHELL=CMD" "COMPILER=mb-gcc" "ARCHIVER=mb-ar" "COMPILER_FLAGS= -O2 -c -mcpu=v10.0 -mlittle-endian -mxl-soft-mul" "EXTRA_COMPILER_FLAGS=-g"
"Running Make include in microblaze_0/libsrc/standalone_v6_1/src"
make -C microblaze_0/libsrc/standalone_v6_1/src -s include  "SHELL=CMD" "COMPILER=mb-gcc" "ARCHIVER=mb-ar" "COMPILER_FLAGS= -O2 -c -mcpu=v10.0 -mlittle-endian -mxl-soft-mul" "EXTRA_COMPILER_FLAGS=-g"
"Running Make include in microblaze_0/libsrc/uartlite_v3_2/src"
make -C microblaze_0/libsrc/uartlite_v3_2/src -s include  "SHELL=CMD" "COMPILER=mb-gcc" "ARCHIVER=mb-ar" "COMPILER_FLAGS= -O2 -c -mcpu=v10.0 -mlittle-endian -mxl-soft-mul" "EXTRA_COMPILER_FLAGS=-g"
"Running Make libs in microblaze_0/libsrc/bram_v4_1/src"
make -C microblaze_0/libsrc/bram_v4_1/src -s libs  "SHELL=CMD" "COMPILER=mb-gcc" "ARCHIVER=mb-ar" "COMPILER_FLAGS= -O2 -c -mcpu=v10.0 -mlittle-endian -mxl-soft-mul" "EXTRA_COMPILER_FLAGS=-g"
"Compiling bram"
mb-ar: creating ../../../lib/libxil.a
"Running Make libs in microblaze_0/libsrc/cpu_v2_5/src"
make -C microblaze_0/libsrc/cpu_v2_5/src -s libs  "SHELL=CMD" "COMPILER=mb-gcc" "ARCHIVER=mb-ar" "COMPILER_FLAGS= -O2 -c -mcpu=v10.0 -mlittle-endian -mxl-soft-mul" "EXTRA_COMPILER_FLAGS=-g"
"Compiling cpu"
"Running Make libs in microblaze_0/libsrc/gpio_v4_3/src"
make -C microblaze_0/libsrc/gpio_v4_3/src -s libs  "SHELL=CMD" "COMPILER=mb-gcc" "ARCHIVER=mb-ar" "COMPILER_FLAGS= -O2 -c -mcpu=v10.0 -mlittle-endian -mxl-soft-mul" "EXTRA_COMPILER_FLAGS=-g"
"Compiling gpio"
"Running Make libs in microblaze_0/libsrc/standalone_v6_1/src"
make -C microblaze_0/libsrc/standalone_v6_1/src -s libs  "SHELL=CMD" "COMPILER=mb-gcc" "ARCHIVER=mb-ar" "COMPILER_FLAGS= -O2 -c -mcpu=v10.0 -mlittle-endian -mxl-soft-mul" "EXTRA_COMPILER_FLAGS=-g"
"Compiling standalone";
"Running Make libs in microblaze_0/libsrc/uartlite_v3_2/src"
make -C microblaze_0/libsrc/uartlite_v3_2/src -s libs  "SHELL=CMD" "COMPILER=mb-gcc" "ARCHIVER=mb-ar" "COMPILER_FLAGS= -O2 -c -mcpu=v10.0 -mlittle-endian -mxl-soft-mul" "EXTRA_COMPILER_FLAGS=-g"
"Compiling uartlite"
'Finished building libraries'
11:04:02 **** Auto Build of project standalone_bsp_0 ****
make -k all 
"Running Make include in microblaze_0/libsrc/bram_v4_1/src"
make -C microblaze_0/libsrc/bram_v4_1/src -s include  "SHELL=CMD" "COMPILER=mb-gcc" "ARCHIVER=mb-ar" "COMPILER_FLAGS= -O2 -c -mcpu=v10.0 -mlittle-endian -mxl-soft-mul" "EXTRA_COMPILER_FLAGS=-g"
"Running Make include in microblaze_0/libsrc/cpu_v2_5/src"
make -C microblaze_0/libsrc/cpu_v2_5/src -s include  "SHELL=CMD" "COMPILER=mb-gcc" "ARCHIVER=mb-ar" "COMPILER_FLAGS= -O2 -c -mcpu=v10.0 -mlittle-endian -mxl-soft-mul" "EXTRA_COMPILER_FLAGS=-g"
"Running Make include in microblaze_0/libsrc/gpio_v4_3/src"
make -C microblaze_0/libsrc/gpio_v4_3/src -s include  "SHELL=CMD" "COMPILER=mb-gcc" "ARCHIVER=mb-ar" "COMPILER_FLAGS= -O2 -c -mcpu=v10.0 -mlittle-endian -mxl-soft-mul" "EXTRA_COMPILER_FLAGS=-g"
"Running Make include in microblaze_0/libsrc/standalone_v6_1/src"
make -C microblaze_0/libsrc/standalone_v6_1/src -s include  "SHELL=CMD" "COMPILER=mb-gcc" "ARCHIVER=mb-ar" "COMPILER_FLAGS= -O2 -c -mcpu=v10.0 -mlittle-endian -mxl-soft-mul" "EXTRA_COMPILER_FLAGS=-g"
"Running Make include in microblaze_0/libsrc/uartlite_v3_2/src"
make -C microblaze_0/libsrc/uartlite_v3_2/src -s include  "SHELL=CMD" "COMPILER=mb-gcc" "ARCHIVER=mb-ar" "COMPILER_FLAGS= -O2 -c -mcpu=v10.0 -mlittle-endian -mxl-soft-mul" "EXTRA_COMPILER_FLAGS=-g"
"Running Make libs in microblaze_0/libsrc/bram_v4_1/src"
make -C microblaze_0/libsrc/bram_v4_1/src -s libs  "SHELL=CMD" "COMPILER=mb-gcc" "ARCHIVER=mb-ar" "COMPILER_FLAGS= -O2 -c -mcpu=v10.0 -mlittle-endian -mxl-soft-mul" "EXTRA_COMPILER_FLAGS=-g"
"Compiling bram"
mb-ar: creating ../../../lib/libxil.a
"Running Make libs in microblaze_0/libsrc/cpu_v2_5/src"
make -C microblaze_0/libsrc/cpu_v2_5/src -s libs  "SHELL=CMD" "COMPILER=mb-gcc" "ARCHIVER=mb-ar" "COMPILER_FLAGS= -O2 -c -mcpu=v10.0 -mlittle-endian -mxl-soft-mul" "EXTRA_COMPILER_FLAGS=-g"
"Compiling cpu"
"Running Make libs in microblaze_0/libsrc/gpio_v4_3/src"
make -C microblaze_0/libsrc/gpio_v4_3/src -s libs  "SHELL=CMD" "COMPILER=mb-gcc" "ARCHIVER=mb-ar" "COMPILER_FLAGS= -O2 -c -mcpu=v10.0 -mlittle-endian -mxl-soft-mul" "EXTRA_COMPILER_FLAGS=-g"
"Compiling gpio"
"Running Make libs in microblaze_0/libsrc/standalone_v6_1/src"
make -C microblaze_0/libsrc/standalone_v6_1/src -s libs  "SHELL=CMD" "COMPILER=mb-gcc" "ARCHIVER=mb-ar" "COMPILER_FLAGS= -O2 -c -mcpu=v10.0 -mlittle-endian -mxl-soft-mul" "EXTRA_COMPILER_FLAGS=-g"
"Compiling standalone";
"Running Make libs in microblaze_0/libsrc/uartlite_v3_2/src"
make -C microblaze_0/libsrc/uartlite_v3_2/src -s libs  "SHELL=CMD" "COMPILER=mb-gcc" "ARCHIVER=mb-ar" "COMPILER_FLAGS= -O2 -c -mcpu=v10.0 -mlittle-endian -mxl-soft-mul" "EXTRA_COMPILER_FLAGS=-g"
"Compiling uartlite"
'Finished building libraries'
11:04:37 **** Auto Build of configuration Debug for project segment_display ****
make all 
'Building file: ../src/segment_display.c'
'Invoking: MicroBlaze gcc compiler'
mb-gcc -Wall -O0 -g3 -c -fmessage-length=0 -MT"src/segment_display.o" -I../../standalone_bsp_0/microblaze_0/include -mlittle-endian -mcpu=v10.0 -mxl-soft-mul -Wl,--no-relax -MMD -MP -MF"src/segment_display.d" -MT"src/segment_display.o" -o "src/segment_display.o" "../src/segment_display.c"
'Finished building: ../src/segment_display.c'
' '
'Building target: segment_display.elf'
'Invoking: MicroBlaze gcc linker'
mb-gcc -Wl,-T -Wl,../src/lscript.ld -L../../standalone_bsp_0/microblaze_0/lib -mlittle-endian -mcpu=v10.0 -mxl-soft-mul -Wl,--no-relax -o "segment_display.elf"  ./src/segment_display.o   -Wl,--start-group,-lxil,-lgcc,-lc,--end-group
'Finished building target: segment_display.elf'
' '
'Invoking: MicroBlaze Print Size'
mb-size segment_display.elf  |tee "segment_display.elf.size"
   text	   data	    bss	    dec	    hex	filename
   2448	    292	   3124	   5864	   16e8	segment_display.elf
'Finished building: segment_display.elf.size'
' '
11:04:41 **** Auto Build of configuration Debug for project led_out ****
make all 
'Building file: ../src/led_out.c'
'Invoking: MicroBlaze gcc compiler'
mb-gcc -Wall -O0 -g3 -c -fmessage-length=0 -MT"src/led_out.o" -I../../standalone_bsp_0/microblaze_0/include -mlittle-endian -mcpu=v10.0 -mxl-soft-mul -Wl,--no-relax -MMD -MP -MF"src/led_out.d" -MT"src/led_out.o" -o "src/led_out.o" "../src/led_out.c"
'Finished building: ../src/led_out.c'
' '
'Building target: led_out.elf'
'Invoking: MicroBlaze gcc linker'
mb-gcc -Wl,-T -Wl,../src/lscript.ld -L../../standalone_bsp_0/microblaze_0/lib -mlittle-endian -mcpu=v10.0 -mxl-soft-mul -Wl,--no-relax -o "led_out.elf"  ./src/led_out.o   -Wl,--start-group,-lxil,-lgcc,-lc,--end-group
'Finished building target: led_out.elf'
' '
'Invoking: MicroBlaze Print Size'
mb-size led_out.elf  |tee "led_out.elf.size"
   text	   data	    bss	    dec	    hex	filename
   5720	    296	   3120	   9136	   23b0	led_out.elf
'Finished building: led_out.elf.size'
' '
11:04:44 **** Auto Build of configuration Debug for project button_in ****
make all 
'Building file: ../src/button_in.c'
'Invoking: MicroBlaze gcc compiler'
mb-gcc -Wall -O0 -g3 -c -fmessage-length=0 -MT"src/button_in.o" -I../../standalone_bsp_0/microblaze_0/include -mlittle-endian -mcpu=v10.0 -mxl-soft-mul -Wl,--no-relax -MMD -MP -MF"src/button_in.d" -MT"src/button_in.o" -o "src/button_in.o" "../src/button_in.c"
'Finished building: ../src/button_in.c'
' '
'Building target: button_in.elf'
'Invoking: MicroBlaze gcc linker'
mb-gcc -Wl,-T -Wl,../src/lscript.ld -L../../standalone_bsp_0/microblaze_0/lib -mlittle-endian -mcpu=v10.0 -mxl-soft-mul -Wl,--no-relax -o "button_in.elf"  ./src/button_in.o   -Wl,--start-group,-lxil,-lgcc,-lc,--end-group
'Finished building target: button_in.elf'
' '
'Invoking: MicroBlaze Print Size'
mb-size button_in.elf  |tee "button_in.elf.size"
   text	   data	    bss	    dec	    hex	filename
   5608	    296	   3120	   9024	   2340	button_in.elf
'Finished building: button_in.elf.size'
' '
11:04:47 **** Auto Build of configuration Debug for project Hello_World ****
make all 
'Building file: ../src/helloworld.c'
'Invoking: MicroBlaze gcc compiler'
mb-gcc -Wall -O0 -g3 -c -fmessage-length=0 -MT"src/helloworld.o" -I../../standalone_bsp_0/microblaze_0/include -mlittle-endian -mcpu=v10.0 -mxl-soft-mul -Wl,--no-relax -MMD -MP -MF"src/helloworld.d" -MT"src/helloworld.o" -o "src/helloworld.o" "../src/helloworld.c"
'Finished building: ../src/helloworld.c'
' '
'Building file: ../src/platform.c'
'Invoking: MicroBlaze gcc compiler'
mb-gcc -Wall -O0 -g3 -c -fmessage-length=0 -MT"src/platform.o" -I../../standalone_bsp_0/microblaze_0/include -mlittle-endian -mcpu=v10.0 -mxl-soft-mul -Wl,--no-relax -MMD -MP -MF"src/platform.d" -MT"src/platform.o" -o "src/platform.o" "../src/platform.c"
'Finished building: ../src/platform.c'
' '
'Building target: Hello_World.elf'
'Invoking: MicroBlaze gcc linker'
mb-gcc -Wl,-T -Wl,../src/lscript.ld -L../../standalone_bsp_0/microblaze_0/lib -mlittle-endian -mcpu=v10.0 -mxl-soft-mul -Wl,--no-relax -o "Hello_World.elf"  ./src/helloworld.o ./src/platform.o   -Wl,--start-group,-lxil,-lgcc,-lc,--end-group
'Finished building target: Hello_World.elf'
' '
'Invoking: MicroBlaze Print Size'
mb-size Hello_World.elf  |tee "Hello_World.elf.size"
   text	   data	    bss	    dec	    hex	filename
   2852	    292	   3128	   6272	   1880	Hello_World.elf
'Finished building: Hello_World.elf.size'
' '
11:04:51 **** Auto Build of configuration Debug for project switch_in ****
make all 
'Building file: ../src/switch_in.c'
'Invoking: MicroBlaze gcc compiler'
mb-gcc -Wall -O0 -g3 -c -fmessage-length=0 -MT"src/switch_in.o" -I../../standalone_bsp_0/microblaze_0/include -mlittle-endian -mcpu=v10.0 -mxl-soft-mul -Wl,--no-relax -MMD -MP -MF"src/switch_in.d" -MT"src/switch_in.o" -o "src/switch_in.o" "../src/switch_in.c"
'Finished building: ../src/switch_in.c'
' '
'Building target: switch_in.elf'
'Invoking: MicroBlaze gcc linker'
mb-gcc -Wl,-T -Wl,../src/lscript.ld -L../../standalone_bsp_0/microblaze_0/lib -mlittle-endian -mcpu=v10.0 -mxl-soft-mul -Wl,--no-relax -o "switch_in.elf"  ./src/switch_in.o   -Wl,--start-group,-lxil,-lgcc,-lc,--end-group
'Finished building target: switch_in.elf'
' '
'Invoking: MicroBlaze Print Size'
mb-size switch_in.elf  |tee "switch_in.elf.size"
   text	   data	    bss	    dec	    hex	filename
   5564	    296	   3124	   8984	   2318	switch_in.elf
'Finished building: switch_in.elf.size'
' '
13:20:50 **** Auto Build of project standalone_bsp_0 ****
make -k all 
"Running Make include in microblaze_0/libsrc/bram_v4_1/src"
make -C microblaze_0/libsrc/bram_v4_1/src -s include  "SHELL=CMD" "COMPILER=mb-gcc" "ARCHIVER=mb-ar" "COMPILER_FLAGS= -O2 -c -mcpu=v10.0 -mlittle-endian -mxl-soft-mul" "EXTRA_COMPILER_FLAGS=-g"
"Running Make include in microblaze_0/libsrc/cpu_v2_5/src"
make -C microblaze_0/libsrc/cpu_v2_5/src -s include  "SHELL=CMD" "COMPILER=mb-gcc" "ARCHIVER=mb-ar" "COMPILER_FLAGS= -O2 -c -mcpu=v10.0 -mlittle-endian -mxl-soft-mul" "EXTRA_COMPILER_FLAGS=-g"
"Running Make include in microblaze_0/libsrc/gpio_v4_3/src"
make -C microblaze_0/libsrc/gpio_v4_3/src -s include  "SHELL=CMD" "COMPILER=mb-gcc" "ARCHIVER=mb-ar" "COMPILER_FLAGS= -O2 -c -mcpu=v10.0 -mlittle-endian -mxl-soft-mul" "EXTRA_COMPILER_FLAGS=-g"
"Running Make include in microblaze_0/libsrc/intc_v3_5/src"
make -C microblaze_0/libsrc/intc_v3_5/src -s include  "SHELL=CMD" "COMPILER=mb-gcc" "ARCHIVER=mb-ar" "COMPILER_FLAGS= -O2 -c -mcpu=v10.0 -mlittle-endian -mxl-soft-mul" "EXTRA_COMPILER_FLAGS=-g"
"Running Make include in microblaze_0/libsrc/spi_v4_2/src"
make -C microblaze_0/libsrc/spi_v4_2/src -s include  "SHELL=CMD" "COMPILER=mb-gcc" "ARCHIVER=mb-ar" "COMPILER_FLAGS= -O2 -c -mcpu=v10.0 -mlittle-endian -mxl-soft-mul" "EXTRA_COMPILER_FLAGS=-g"
"Running Make include in microblaze_0/libsrc/standalone_v6_1/src"
make -C microblaze_0/libsrc/standalone_v6_1/src -s include  "SHELL=CMD" "COMPILER=mb-gcc" "ARCHIVER=mb-ar" "COMPILER_FLAGS= -O2 -c -mcpu=v10.0 -mlittle-endian -mxl-soft-mul" "EXTRA_COMPILER_FLAGS=-g"
"Running Make include in microblaze_0/libsrc/tmrctr_v4_2/src"
make -C microblaze_0/libsrc/tmrctr_v4_2/src -s include  "SHELL=CMD" "COMPILER=mb-gcc" "ARCHIVER=mb-ar" "COMPILER_FLAGS= -O2 -c -mcpu=v10.0 -mlittle-endian -mxl-soft-mul" "EXTRA_COMPILER_FLAGS=-g"
"Running Make include in microblaze_0/libsrc/uartlite_v3_2/src"
make -C microblaze_0/libsrc/uartlite_v3_2/src -s include  "SHELL=CMD" "COMPILER=mb-gcc" "ARCHIVER=mb-ar" "COMPILER_FLAGS= -O2 -c -mcpu=v10.0 -mlittle-endian -mxl-soft-mul" "EXTRA_COMPILER_FLAGS=-g"
"Running Make libs in microblaze_0/libsrc/bram_v4_1/src"
make -C microblaze_0/libsrc/bram_v4_1/src -s libs  "SHELL=CMD" "COMPILER=mb-gcc" "ARCHIVER=mb-ar" "COMPILER_FLAGS= -O2 -c -mcpu=v10.0 -mlittle-endian -mxl-soft-mul" "EXTRA_COMPILER_FLAGS=-g"
"Compiling bram"
mb-ar: creating ../../../lib/libxil.a
"Running Make libs in microblaze_0/libsrc/cpu_v2_5/src"
make -C microblaze_0/libsrc/cpu_v2_5/src -s libs  "SHELL=CMD" "COMPILER=mb-gcc" "ARCHIVER=mb-ar" "COMPILER_FLAGS= -O2 -c -mcpu=v10.0 -mlittle-endian -mxl-soft-mul" "EXTRA_COMPILER_FLAGS=-g"
"Compiling cpu"
"Running Make libs in microblaze_0/libsrc/gpio_v4_3/src"
make -C microblaze_0/libsrc/gpio_v4_3/src -s libs  "SHELL=CMD" "COMPILER=mb-gcc" "ARCHIVER=mb-ar" "COMPILER_FLAGS= -O2 -c -mcpu=v10.0 -mlittle-endian -mxl-soft-mul" "EXTRA_COMPILER_FLAGS=-g"
"Compiling gpio"
"Running Make libs in microblaze_0/libsrc/intc_v3_5/src"
make -C microblaze_0/libsrc/intc_v3_5/src -s libs  "SHELL=CMD" "COMPILER=mb-gcc" "ARCHIVER=mb-ar" "COMPILER_FLAGS= -O2 -c -mcpu=v10.0 -mlittle-endian -mxl-soft-mul" "EXTRA_COMPILER_FLAGS=-g"
"Compiling intc"
"Running Make libs in microblaze_0/libsrc/spi_v4_2/src"
make -C microblaze_0/libsrc/spi_v4_2/src -s libs  "SHELL=CMD" "COMPILER=mb-gcc" "ARCHIVER=mb-ar" "COMPILER_FLAGS= -O2 -c -mcpu=v10.0 -mlittle-endian -mxl-soft-mul" "EXTRA_COMPILER_FLAGS=-g"
"Compiling spi"
"Running Make libs in microblaze_0/libsrc/standalone_v6_1/src"
make -C microblaze_0/libsrc/standalone_v6_1/src -s libs  "SHELL=CMD" "COMPILER=mb-gcc" "ARCHIVER=mb-ar" "COMPILER_FLAGS= -O2 -c -mcpu=v10.0 -mlittle-endian -mxl-soft-mul" "EXTRA_COMPILER_FLAGS=-g"
"Compiling standalone";
"Running Make libs in microblaze_0/libsrc/tmrctr_v4_2/src"
make -C microblaze_0/libsrc/tmrctr_v4_2/src -s libs  "SHELL=CMD" "COMPILER=mb-gcc" "ARCHIVER=mb-ar" "COMPILER_FLAGS= -O2 -c -mcpu=v10.0 -mlittle-endian -mxl-soft-mul" "EXTRA_COMPILER_FLAGS=-g"
"Compiling tmrctr"
"Running Make libs in microblaze_0/libsrc/uartlite_v3_2/src"
make -C microblaze_0/libsrc/uartlite_v3_2/src -s libs  "SHELL=CMD" "COMPILER=mb-gcc" "ARCHIVER=mb-ar" "COMPILER_FLAGS= -O2 -c -mcpu=v10.0 -mlittle-endian -mxl-soft-mul" "EXTRA_COMPILER_FLAGS=-g"
"Compiling uartlite"
'Finished building libraries'
13:21:36 **** Auto Build of configuration Debug for project segment_display ****
make all 
'Building file: ../src/segment_display.c'
'Invoking: MicroBlaze gcc compiler'
mb-gcc -Wall -O0 -g3 -c -fmessage-length=0 -MT"src/segment_display.o" -I../../standalone_bsp_0/microblaze_0/include -mlittle-endian -mcpu=v10.0 -mxl-soft-mul -Wl,--no-relax -MMD -MP -MF"src/segment_display.d" -MT"src/segment_display.o" -o "src/segment_display.o" "../src/segment_display.c"
'Finished building: ../src/segment_display.c'
' '
'Building target: segment_display.elf'
'Invoking: MicroBlaze gcc linker'
mb-gcc -Wl,-T -Wl,../src/lscript.ld -L../../standalone_bsp_0/microblaze_0/lib -mlittle-endian -mcpu=v10.0 -mxl-soft-mul -Wl,--no-relax -o "segment_display.elf"  ./src/segment_display.o   -Wl,--start-group,-lxil,-lgcc,-lc,--end-group
'Finished building target: segment_display.elf'
' '
'Invoking: MicroBlaze Print Size'
mb-size segment_display.elf  |tee "segment_display.elf.size"
   text	   data	    bss	    dec	    hex	filename
   6752	    380	   3252	  10384	   2890	segment_display.elf
'Finished building: segment_display.elf.size'
' '
13:21:39 **** Auto Build of configuration Debug for project led_out ****
make all 
'Building file: ../src/led_out.c'
'Invoking: MicroBlaze gcc compiler'
mb-gcc -Wall -O0 -g3 -c -fmessage-length=0 -MT"src/led_out.o" -I../../standalone_bsp_0/microblaze_0/include -mlittle-endian -mcpu=v10.0 -mxl-soft-mul -Wl,--no-relax -MMD -MP -MF"src/led_out.d" -MT"src/led_out.o" -o "src/led_out.o" "../src/led_out.c"
'Finished building: ../src/led_out.c'
' '
'Building target: led_out.elf'
'Invoking: MicroBlaze gcc linker'
mb-gcc -Wl,-T -Wl,../src/lscript.ld -L../../standalone_bsp_0/microblaze_0/lib -mlittle-endian -mcpu=v10.0 -mxl-soft-mul -Wl,--no-relax -o "led_out.elf"  ./src/led_out.o   -Wl,--start-group,-lxil,-lgcc,-lc,--end-group
'Finished building target: led_out.elf'
' '
'Invoking: MicroBlaze Print Size'
mb-size led_out.elf  |tee "led_out.elf.size"
   text	   data	    bss	    dec	    hex	filename
  10024	    384	   3248	  13656	   3558	led_out.elf
'Finished building: led_out.elf.size'
' '
13:21:42 **** Auto Build of configuration Debug for project button_in ****
make all 
'Building file: ../src/button_in.c'
'Invoking: MicroBlaze gcc compiler'
mb-gcc -Wall -O0 -g3 -c -fmessage-length=0 -MT"src/button_in.o" -I../../standalone_bsp_0/microblaze_0/include -mlittle-endian -mcpu=v10.0 -mxl-soft-mul -Wl,--no-relax -MMD -MP -MF"src/button_in.d" -MT"src/button_in.o" -o "src/button_in.o" "../src/button_in.c"
'Finished building: ../src/button_in.c'
' '
'Building target: button_in.elf'
'Invoking: MicroBlaze gcc linker'
mb-gcc -Wl,-T -Wl,../src/lscript.ld -L../../standalone_bsp_0/microblaze_0/lib -mlittle-endian -mcpu=v10.0 -mxl-soft-mul -Wl,--no-relax -o "button_in.elf"  ./src/button_in.o   -Wl,--start-group,-lxil,-lgcc,-lc,--end-group
'Finished building target: button_in.elf'
' '
'Invoking: MicroBlaze Print Size'
mb-size button_in.elf  |tee "button_in.elf.size"
   text	   data	    bss	    dec	    hex	filename
   9912	    384	   3248	  13544	   34e8	button_in.elf
'Finished building: button_in.elf.size'
' '
13:21:45 **** Auto Build of configuration Debug for project Hello_World ****
make all 
'Building file: ../src/helloworld.c'
'Invoking: MicroBlaze gcc compiler'
mb-gcc -Wall -O0 -g3 -c -fmessage-length=0 -MT"src/helloworld.o" -I../../standalone_bsp_0/microblaze_0/include -mlittle-endian -mcpu=v10.0 -mxl-soft-mul -Wl,--no-relax -MMD -MP -MF"src/helloworld.d" -MT"src/helloworld.o" -o "src/helloworld.o" "../src/helloworld.c"
'Finished building: ../src/helloworld.c'
' '
'Building file: ../src/platform.c'
'Invoking: MicroBlaze gcc compiler'
mb-gcc -Wall -O0 -g3 -c -fmessage-length=0 -MT"src/platform.o" -I../../standalone_bsp_0/microblaze_0/include -mlittle-endian -mcpu=v10.0 -mxl-soft-mul -Wl,--no-relax -MMD -MP -MF"src/platform.d" -MT"src/platform.o" -o "src/platform.o" "../src/platform.c"
'Finished building: ../src/platform.c'
' '
'Building target: Hello_World.elf'
'Invoking: MicroBlaze gcc linker'
mb-gcc -Wl,-T -Wl,../src/lscript.ld -L../../standalone_bsp_0/microblaze_0/lib -mlittle-endian -mcpu=v10.0 -mxl-soft-mul -Wl,--no-relax -o "Hello_World.elf"  ./src/helloworld.o ./src/platform.o   -Wl,--start-group,-lxil,-lgcc,-lc,--end-group
'Finished building target: Hello_World.elf'
' '
'Invoking: MicroBlaze Print Size'
mb-size Hello_World.elf  |tee "Hello_World.elf.size"
   text	   data	    bss	    dec	    hex	filename
   7156	    380	   3256	  10792	   2a28	Hello_World.elf
'Finished building: Hello_World.elf.size'
' '
13:21:49 **** Auto Build of configuration Debug for project switch_in ****
make all 
'Building file: ../src/switch_in.c'
'Invoking: MicroBlaze gcc compiler'
mb-gcc -Wall -O0 -g3 -c -fmessage-length=0 -MT"src/switch_in.o" -I../../standalone_bsp_0/microblaze_0/include -mlittle-endian -mcpu=v10.0 -mxl-soft-mul -Wl,--no-relax -MMD -MP -MF"src/switch_in.d" -MT"src/switch_in.o" -o "src/switch_in.o" "../src/switch_in.c"
'Finished building: ../src/switch_in.c'
' '
'Building target: switch_in.elf'
'Invoking: MicroBlaze gcc linker'
mb-gcc -Wl,-T -Wl,../src/lscript.ld -L../../standalone_bsp_0/microblaze_0/lib -mlittle-endian -mcpu=v10.0 -mxl-soft-mul -Wl,--no-relax -o "switch_in.elf"  ./src/switch_in.o   -Wl,--start-group,-lxil,-lgcc,-lc,--end-group
'Finished building target: switch_in.elf'
' '
'Invoking: MicroBlaze Print Size'
mb-size switch_in.elf  |tee "switch_in.elf.size"
   text	   data	    bss	    dec	    hex	filename
   9868	    384	   3252	  13504	   34c0	switch_in.elf
'Finished building: switch_in.elf.size'
' '
13:26:50 **** Auto Build of configuration Debug for project segment_display ****
make all 
'Building file: ../src/segment_display.c'
'Invoking: MicroBlaze gcc compiler'
mb-gcc -Wall -O0 -g3 -c -fmessage-length=0 -MT"src/segment_display.o" -I../../standalone_bsp_0/microblaze_0/include -mlittle-endian -mcpu=v10.0 -mxl-soft-mul -Wl,--no-relax -MMD -MP -MF"src/segment_display.d" -MT"src/segment_display.o" -o "src/segment_display.o" "../src/segment_display.c"
'Finished building: ../src/segment_display.c'
' '
'Building target: segment_display.elf'
'Invoking: MicroBlaze gcc linker'
mb-gcc -Wl,-T -Wl,../src/lscript.ld -L../../standalone_bsp_0/microblaze_0/lib -mlittle-endian -mcpu=v10.0 -mxl-soft-mul -Wl,--no-relax -o "segment_display.elf"  ./src/segment_display.o   -Wl,--start-group,-lxil,-lgcc,-lc,--end-group
'Finished building target: segment_display.elf'
' '
'Invoking: MicroBlaze Print Size'
mb-size segment_display.elf  |tee "segment_display.elf.size"
   text	   data	    bss	    dec	    hex	filename
   6752	    380	   3252	  10384	   2890	segment_display.elf
'Finished building: segment_display.elf.size'
' '
13:28:23 **** Auto Build of configuration Debug for project button_in ****
make all 
'Building file: ../src/button_in.c'
'Invoking: MicroBlaze gcc compiler'
mb-gcc -Wall -O0 -g3 -c -fmessage-length=0 -MT"src/button_in.o" -I../../standalone_bsp_0/microblaze_0/include -mlittle-endian -mcpu=v10.0 -mxl-soft-mul -Wl,--no-relax -MMD -MP -MF"src/button_in.d" -MT"src/button_in.o" -o "src/button_in.o" "../src/button_in.c"
'Finished building: ../src/button_in.c'
' '
'Building target: button_in.elf'
'Invoking: MicroBlaze gcc linker'
mb-gcc -Wl,-T -Wl,../src/lscript.ld -L../../standalone_bsp_0/microblaze_0/lib -mlittle-endian -mcpu=v10.0 -mxl-soft-mul -Wl,--no-relax -o "button_in.elf"  ./src/button_in.o   -Wl,--start-group,-lxil,-lgcc,-lc,--end-group
'Finished building target: button_in.elf'
' '
'Invoking: MicroBlaze Print Size'
mb-size button_in.elf  |tee "button_in.elf.size"
   text	   data	    bss	    dec	    hex	filename
   9912	    384	   3248	  13544	   34e8	button_in.elf
'Finished building: button_in.elf.size'
' '
13:28:46 **** Incremental Build of configuration Debug for project segment_display ****
make all 
make: Nothing to be done for `all'.
13:28:47 **** Incremental Build of configuration Debug for project led_out ****
make all 
make: Nothing to be done for `all'.
13:28:48 **** Incremental Build of configuration Debug for project button_in ****
make all 
make: Nothing to be done for `all'.
13:28:48 **** Incremental Build of configuration Debug for project Hello_World ****
make all 
make: Nothing to be done for `all'.
13:28:49 **** Incremental Build of configuration Debug for project switch_in ****
make all 
make: Nothing to be done for `all'.
13:29:29 **** Incremental Build of configuration Debug for project segment_display ****
make all 
make: Nothing to be done for `all'.
13:29:31 **** Incremental Build of configuration Debug for project led_out ****
make all 
make: Nothing to be done for `all'.
13:29:31 **** Incremental Build of configuration Debug for project button_in ****
make all 
make: Nothing to be done for `all'.
13:29:32 **** Incremental Build of configuration Debug for project Hello_World ****
make all 
make: Nothing to be done for `all'.
13:29:33 **** Incremental Build of configuration Debug for project switch_in ****
make all 
make: Nothing to be done for `all'.
13:32:11 **** Auto Build of configuration Debug for project segment_display ****
make all 
'Building file: ../src/segment_display.c'
'Invoking: MicroBlaze gcc compiler'
mb-gcc -Wall -O0 -g3 -c -fmessage-length=0 -MT"src/segment_display.o" -I../../standalone_bsp_0/microblaze_0/include -mlittle-endian -mcpu=v10.0 -mxl-soft-mul -Wl,--no-relax -MMD -MP -MF"src/segment_display.d" -MT"src/segment_display.o" -o "src/segment_display.o" "../src/segment_display.c"
'Finished building: ../src/segment_display.c'
' '
'Building target: segment_display.elf'
'Invoking: MicroBlaze gcc linker'
mb-gcc -Wl,-T -Wl,../src/lscript.ld -L../../standalone_bsp_0/microblaze_0/lib -mlittle-endian -mcpu=v10.0 -mxl-soft-mul -Wl,--no-relax -o "segment_display.elf"  ./src/segment_display.o   -Wl,--start-group,-lxil,-lgcc,-lc,--end-group
'Finished building target: segment_display.elf'
' '
'Invoking: MicroBlaze Print Size'
mb-size segment_display.elf  |tee "segment_display.elf.size"
   text	   data	    bss	    dec	    hex	filename
   6752	    380	   3252	  10384	   2890	segment_display.elf
'Finished building: segment_display.elf.size'
' '
13:32:55 **** Incremental Build of configuration Debug for project segment_display ****
make all 
make: Nothing to be done for `all'.
13:32:57 **** Incremental Build of configuration Debug for project led_out ****
make all 
make: Nothing to be done for `all'.
13:32:57 **** Incremental Build of configuration Debug for project button_in ****
make all 
make: Nothing to be done for `all'.
13:32:58 **** Incremental Build of configuration Debug for project Hello_World ****
make all 
make: Nothing to be done for `all'.
13:32:59 **** Incremental Build of configuration Debug for project switch_in ****
make all 
make: Nothing to be done for `all'.
16:42:59 **** Auto Build of configuration Debug for project switch_in ****
make all 
'Building file: ../src/switch_in.c'
'Invoking: MicroBlaze gcc compiler'
mb-gcc -Wall -O0 -g3 -c -fmessage-length=0 -MT"src/switch_in.o" -I../../standalone_bsp_0/microblaze_0/include -mlittle-endian -mcpu=v10.0 -mxl-soft-mul -Wl,--no-relax -MMD -MP -MF"src/switch_in.d" -MT"src/switch_in.o" -o "src/switch_in.o" "../src/switch_in.c"
'Finished building: ../src/switch_in.c'
' '
'Building target: switch_in.elf'
'Invoking: MicroBlaze gcc linker'
mb-gcc -Wl,-T -Wl,../src/lscript.ld -L../../standalone_bsp_0/microblaze_0/lib -mlittle-endian -mcpu=v10.0 -mxl-soft-mul -Wl,--no-relax -o "switch_in.elf"  ./src/switch_in.o   -Wl,--start-group,-lxil,-lgcc,-lc,--end-group
'Finished building target: switch_in.elf'
' '
'Invoking: MicroBlaze Print Size'
mb-size switch_in.elf  |tee "switch_in.elf.size"
   text	   data	    bss	    dec	    hex	filename
   9868	    384	   3252	  13504	   34c0	switch_in.elf
'Finished building: switch_in.elf.size'
' '
16:44:05 **** Incremental Build of configuration Debug for project segment_display ****
make all 
make: Nothing to be done for `all'.
16:44:06 **** Incremental Build of configuration Debug for project led_out ****
make all 
make: Nothing to be done for `all'.
16:44:06 **** Incremental Build of configuration Debug for project button_in ****
make all 
make: Nothing to be done for `all'.
16:44:07 **** Incremental Build of configuration Debug for project Hello_World ****
make all 
make: Nothing to be done for `all'.
16:44:08 **** Incremental Build of configuration Debug for project switch_in ****
make all 
make: Nothing to be done for `all'.
16:47:21 **** Auto Build of configuration Debug for project button_in ****
make all 
'Building file: ../src/button_in.c'
'Invoking: MicroBlaze gcc compiler'
mb-gcc -Wall -O0 -g3 -c -fmessage-length=0 -MT"src/button_in.o" -I../../standalone_bsp_0/microblaze_0/include -mlittle-endian -mcpu=v10.0 -mxl-soft-mul -Wl,--no-relax -MMD -MP -MF"src/button_in.d" -MT"src/button_in.o" -o "src/button_in.o" "../src/button_in.c"
'Finished building: ../src/button_in.c'
' '
'Building target: button_in.elf'
'Invoking: MicroBlaze gcc linker'
mb-gcc -Wl,-T -Wl,../src/lscript.ld -L../../standalone_bsp_0/microblaze_0/lib -mlittle-endian -mcpu=v10.0 -mxl-soft-mul -Wl,--no-relax -o "button_in.elf"  ./src/button_in.o   -Wl,--start-group,-lxil,-lgcc,-lc,--end-group
'Finished building target: button_in.elf'
' '
'Invoking: MicroBlaze Print Size'
mb-size button_in.elf  |tee "button_in.elf.size"
   text	   data	    bss	    dec	    hex	filename
   9912	    384	   3248	  13544	   34e8	button_in.elf
'Finished building: button_in.elf.size'
' '
16:47:39 **** Incremental Build of configuration Debug for project segment_display ****
make all 
make: Nothing to be done for `all'.
16:47:40 **** Incremental Build of configuration Debug for project led_out ****
make all 
make: Nothing to be done for `all'.
16:47:41 **** Incremental Build of configuration Debug for project button_in ****
make all 
make: Nothing to be done for `all'.
16:47:41 **** Incremental Build of configuration Debug for project Hello_World ****
make all 
make: Nothing to be done for `all'.
16:47:42 **** Incremental Build of configuration Debug for project switch_in ****
make all 
make: Nothing to be done for `all'.
16:51:59 **** Auto Build of configuration Debug for project led_out ****
make all 
'Building file: ../src/led_out.c'
'Invoking: MicroBlaze gcc compiler'
mb-gcc -Wall -O0 -g3 -c -fmessage-length=0 -MT"src/led_out.o" -I../../standalone_bsp_0/microblaze_0/include -mlittle-endian -mcpu=v10.0 -mxl-soft-mul -Wl,--no-relax -MMD -MP -MF"src/led_out.d" -MT"src/led_out.o" -o "src/led_out.o" "../src/led_out.c"
'Finished building: ../src/led_out.c'
' '
'Building target: led_out.elf'
'Invoking: MicroBlaze gcc linker'
mb-gcc -Wl,-T -Wl,../src/lscript.ld -L../../standalone_bsp_0/microblaze_0/lib -mlittle-endian -mcpu=v10.0 -mxl-soft-mul -Wl,--no-relax -o "led_out.elf"  ./src/led_out.o   -Wl,--start-group,-lxil,-lgcc,-lc,--end-group
'Finished building target: led_out.elf'
' '
'Invoking: MicroBlaze Print Size'
mb-size led_out.elf  |tee "led_out.elf.size"
   text	   data	    bss	    dec	    hex	filename
  10024	    384	   3248	  13656	   3558	led_out.elf
'Finished building: led_out.elf.size'
' '
16:52:06 **** Incremental Build of configuration Debug for project segment_display ****
make all 
make: Nothing to be done for `all'.
16:52:07 **** Incremental Build of configuration Debug for project led_out ****
make all 
make: Nothing to be done for `all'.
16:52:08 **** Incremental Build of configuration Debug for project button_in ****
make all 
make: Nothing to be done for `all'.
16:52:09 **** Incremental Build of configuration Debug for project Hello_World ****
make all 
make: Nothing to be done for `all'.
16:52:10 **** Incremental Build of configuration Debug for project switch_in ****
make all 
make: Nothing to be done for `all'.
16:52:52 **** Auto Build of configuration Debug for project led_out ****
make all 
'Building file: ../src/led_out.c'
'Invoking: MicroBlaze gcc compiler'
mb-gcc -Wall -O0 -g3 -c -fmessage-length=0 -MT"src/led_out.o" -I../../standalone_bsp_0/microblaze_0/include -mlittle-endian -mcpu=v10.0 -mxl-soft-mul -Wl,--no-relax -MMD -MP -MF"src/led_out.d" -MT"src/led_out.o" -o "src/led_out.o" "../src/led_out.c"
'Finished building: ../src/led_out.c'
' '
'Building target: led_out.elf'
'Invoking: MicroBlaze gcc linker'
mb-gcc -Wl,-T -Wl,../src/lscript.ld -L../../standalone_bsp_0/microblaze_0/lib -mlittle-endian -mcpu=v10.0 -mxl-soft-mul -Wl,--no-relax -o "led_out.elf"  ./src/led_out.o   -Wl,--start-group,-lxil,-lgcc,-lc,--end-group
'Finished building target: led_out.elf'
' '
'Invoking: MicroBlaze Print Size'
mb-size led_out.elf  |tee "led_out.elf.size"
   text	   data	    bss	    dec	    hex	filename
  10024	    384	   3248	  13656	   3558	led_out.elf
'Finished building: led_out.elf.size'
' '
16:56:40 **** Auto Build of configuration Debug for project led_out ****
make all 
'Building file: ../src/led_out.c'
'Invoking: MicroBlaze gcc compiler'
mb-gcc -Wall -O0 -g3 -c -fmessage-length=0 -MT"src/led_out.o" -I../../standalone_bsp_0/microblaze_0/include -mlittle-endian -mcpu=v10.0 -mxl-soft-mul -Wl,--no-relax -MMD -MP -MF"src/led_out.d" -MT"src/led_out.o" -o "src/led_out.o" "../src/led_out.c"
'Finished building: ../src/led_out.c'
' '
'Building target: led_out.elf'
'Invoking: MicroBlaze gcc linker'
mb-gcc -Wl,-T -Wl,../src/lscript.ld -L../../standalone_bsp_0/microblaze_0/lib -mlittle-endian -mcpu=v10.0 -mxl-soft-mul -Wl,--no-relax -o "led_out.elf"  ./src/led_out.o   -Wl,--start-group,-lxil,-lgcc,-lc,--end-group
'Finished building target: led_out.elf'
' '
'Invoking: MicroBlaze Print Size'
mb-size led_out.elf  |tee "led_out.elf.size"
   text	   data	    bss	    dec	    hex	filename
  10024	    384	   3248	  13656	   3558	led_out.elf
'Finished building: led_out.elf.size'
' '
16:56:58 **** Incremental Build of configuration Debug for project segment_display ****
make all 
make: Nothing to be done for `all'.
16:56:59 **** Incremental Build of configuration Debug for project led_out ****
make all 
make: Nothing to be done for `all'.
16:57:00 **** Incremental Build of configuration Debug for project button_in ****
make all 
make: Nothing to be done for `all'.
16:57:01 **** Incremental Build of configuration Debug for project Hello_World ****
make all 
make: Nothing to be done for `all'.
16:57:02 **** Incremental Build of configuration Debug for project switch_in ****
make all 
make: Nothing to be done for `all'.
17:00:11 **** Auto Build of configuration Debug for project segment_display ****
make all 
'Building file: ../src/segment_display.c'
'Invoking: MicroBlaze gcc compiler'
mb-gcc -Wall -O0 -g3 -c -fmessage-length=0 -MT"src/segment_display.o" -I../../standalone_bsp_0/microblaze_0/include -mlittle-endian -mcpu=v10.0 -mxl-soft-mul -Wl,--no-relax -MMD -MP -MF"src/segment_display.d" -MT"src/segment_display.o" -o "src/segment_display.o" "../src/segment_display.c"
../src/segment_display.c: In function 'main':
../src/segment_display.c:15:11: error: 'XPAR_AXI_GPIO_BASEADDR' undeclared (first use in this function)
  Xil_Out8(XPAR_AXI_GPIO_BASEADDR+XGPIO_TRI_OFFSET,0x0);
           ^
../src/segment_display.c:15:11: note: each undeclared identifier is reported only once for each function it appears in
../src/segment_display.c:15:34: error: 'XGPIO_TRI_OFFSET' undeclared (first use in this function)
  Xil_Out8(XPAR_AXI_GPIO_BASEADDR+XGPIO_TRI_OFFSET,0x0);
                                  ^
../src/segment_display.c:16:34: error: 'XGPIO_TRI2_OFFSET' undeclared (first use in this function)
  Xil_Out8(XPAR_AXI_GPIO_BASEADDR+XGPIO_TRI2_OFFSET,0x0);
                                  ^
../src/segment_display.c:20:35: error: 'XGPIO_DATA2_OFFSET' undeclared (first use in this function)
   Xil_Out8(XPAR_AXI_GPIO_BASEADDR+XGPIO_DATA2_OFFSET,segcode[i]);
                                   ^
../src/segment_display.c:21:35: error: 'XGPIO_DATA_OFFSET' undeclared (first use in this function)
   Xil_Out8(XPAR_AXI_GPIO_BASEADDR+XGPIO_DATA_OFFSET,pos);
                                   ^
make: *** [src/segment_display.o] ´íÎó 1
17:00:36 **** Auto Build of configuration Debug for project segment_display ****
make all 
'Building file: ../src/segment_display.c'
'Invoking: MicroBlaze gcc compiler'
mb-gcc -Wall -O0 -g3 -c -fmessage-length=0 -MT"src/segment_display.o" -I../../standalone_bsp_0/microblaze_0/include -mlittle-endian -mcpu=v10.0 -mxl-soft-mul -Wl,--no-relax -MMD -MP -MF"src/segment_display.d" -MT"src/segment_display.o" -o "src/segment_display.o" "../src/segment_display.c"
../src/segment_display.c: In function 'main':
../src/segment_display.c:16:11: error: 'XPAR_AXI_GPIO_BASEADDR' undeclared (first use in this function)
  Xil_Out8(XPAR_AXI_GPIO_BASEADDR+XGPIO_TRI_OFFSET,0x0);
           ^
../src/segment_display.c:16:11: note: each undeclared identifier is reported only once for each function it appears in
make: *** [src/segment_display.o] ´íÎó 1
17:03:07 **** Auto Build of configuration Debug for project segment_display ****
make all 
'Building file: ../src/segment_display.c'
'Invoking: MicroBlaze gcc compiler'
mb-gcc -Wall -O0 -g3 -c -fmessage-length=0 -MT"src/segment_display.o" -I../../standalone_bsp_0/microblaze_0/include -mlittle-endian -mcpu=v10.0 -mxl-soft-mul -Wl,--no-relax -MMD -MP -MF"src/segment_display.d" -MT"src/segment_display.o" -o "src/segment_display.o" "../src/segment_display.c"
../src/segment_display.c: In function 'main':
../src/segment_display.c:21:12: error: 'XPAR_AXI_GPIO_BASEADDR' undeclared (first use in this function)
   Xil_Out8(XPAR_AXI_GPIO_BASEADDR+XGPIO_DATA2_OFFSET,segcode[i]);
            ^
../src/segment_display.c:21:12: note: each undeclared identifier is reported only once for each function it appears in
make: *** [src/segment_display.o] ´íÎó 1
17:03:18 **** Auto Build of configuration Debug for project segment_display ****
make all 
'Building file: ../src/segment_display.c'
'Invoking: MicroBlaze gcc compiler'
mb-gcc -Wall -O0 -g3 -c -fmessage-length=0 -MT"src/segment_display.o" -I../../standalone_bsp_0/microblaze_0/include -mlittle-endian -mcpu=v10.0 -mxl-soft-mul -Wl,--no-relax -MMD -MP -MF"src/segment_display.d" -MT"src/segment_display.o" -o "src/segment_display.o" "../src/segment_display.c"
'Finished building: ../src/segment_display.c'
' '
'Building target: segment_display.elf'
'Invoking: MicroBlaze gcc linker'
mb-gcc -Wl,-T -Wl,../src/lscript.ld -L../../standalone_bsp_0/microblaze_0/lib -mlittle-endian -mcpu=v10.0 -mxl-soft-mul -Wl,--no-relax -o "segment_display.elf"  ./src/segment_display.o   -Wl,--start-group,-lxil,-lgcc,-lc,--end-group
'Finished building target: segment_display.elf'
' '
'Invoking: MicroBlaze Print Size'
mb-size segment_display.elf  |tee "segment_display.elf.size"
   text	   data	    bss	    dec	    hex	filename
   6752	    380	   3252	  10384	   2890	segment_display.elf
'Finished building: segment_display.elf.size'
' '
17:03:25 **** Incremental Build of configuration Debug for project segment_display ****
make all 
make: Nothing to be done for `all'.
17:03:26 **** Incremental Build of configuration Debug for project led_out ****
make all 
make: Nothing to be done for `all'.
17:03:27 **** Incremental Build of configuration Debug for project button_in ****
make all 
make: Nothing to be done for `all'.
17:03:27 **** Incremental Build of configuration Debug for project Hello_World ****
make all 
make: Nothing to be done for `all'.
17:03:28 **** Incremental Build of configuration Debug for project switch_in ****
make all 
make: Nothing to be done for `all'.

**** Build of configuration Debug for project segment_roll ****

Nothing to build for project segment_roll
17:09:56 **** Auto Build of configuration Debug for project segment_roll ****
make all 
'Building file: ../src/segment_roll.c'
'Invoking: MicroBlaze gcc compiler'
mb-gcc -Wall -O0 -g3 -c -fmessage-length=0 -MT"src/segment_roll.o" -I../../standalone_bsp_0/microblaze_0/include -mlittle-endian -mcpu=v10.0 -mxl-soft-mul -Wl,--no-relax -MMD -MP -MF"src/segment_roll.d" -MT"src/segment_roll.o" -o "src/segment_roll.o" "../src/segment_roll.c"
'Finished building: ../src/segment_roll.c'
' '
'Building target: segment_roll.elf'
'Invoking: MicroBlaze gcc linker'
mb-gcc -Wl,-T -Wl,../src/lscript.ld -L../../standalone_bsp_0/microblaze_0/lib -mlittle-endian -mcpu=v10.0 -mxl-soft-mul -Wl,--no-relax -o "segment_roll.elf"  ./src/segment_roll.o   -Wl,--start-group,-lxil,-lgcc,-lc,--end-group
d:/vivado/xilinx_vivado_sdk_2016.4_1215_1/sdk/2016.4/gnu/microblaze/nt/bin/../lib/gcc/microblaze-xilinx-elf/5.2.0/../../../../microblaze-xilinx-elf/lib/le/crtinit.o: In function `_crtinit':
(.text+0x78): undefined reference to `main'
collect2.exe: error: ld returned 1 exit status
make: *** [segment_roll.elf] ´íÎó 1
17:11:45 **** Auto Build of configuration Debug for project segment_roll ****
make all 
'Building file: ../src/segment_roll.c'
'Invoking: MicroBlaze gcc compiler'
mb-gcc -Wall -O0 -g3 -c -fmessage-length=0 -MT"src/segment_roll.o" -I../../standalone_bsp_0/microblaze_0/include -mlittle-endian -mcpu=v10.0 -mxl-soft-mul -Wl,--no-relax -MMD -MP -MF"src/segment_roll.d" -MT"src/segment_roll.o" -o "src/segment_roll.o" "../src/segment_roll.c"
'Finished building: ../src/segment_roll.c'
' '
'Building target: segment_roll.elf'
'Invoking: MicroBlaze gcc linker'
mb-gcc -Wl,-T -Wl,../src/lscript.ld -L../../standalone_bsp_0/microblaze_0/lib -mlittle-endian -mcpu=v10.0 -mxl-soft-mul -Wl,--no-relax -o "segment_roll.elf"  ./src/segment_roll.o   -Wl,--start-group,-lxil,-lgcc,-lc,--end-group
'Finished building target: segment_roll.elf'
' '
'Invoking: MicroBlaze Print Size'
mb-size segment_roll.elf  |tee "segment_roll.elf.size"
   text	   data	    bss	    dec	    hex	filename
   6756	    380	   3256	  10392	   2898	segment_roll.elf
'Finished building: segment_roll.elf.size'
' '
17:12:49 **** Incremental Build of configuration Debug for project segment_roll ****
make all 
make: Nothing to be done for `all'.
17:12:50 **** Incremental Build of configuration Debug for project segment_display ****
make all 
make: Nothing to be done for `all'.
17:12:51 **** Incremental Build of configuration Debug for project led_out ****
make all 
make: Nothing to be done for `all'.
17:12:52 **** Incremental Build of configuration Debug for project button_in ****
make all 
make: Nothing to be done for `all'.
17:12:52 **** Incremental Build of configuration Debug for project Hello_World ****
make all 
make: Nothing to be done for `all'.
[...]
Finished building: signal_generator.elf.size
 
15:22:02 **** Incremental Build of configuration Debug for project signal_generator ****
make all 
make: Nothing to be done for `all'.
15:22:52 **** Incremental Build of configuration Debug for project signal_generator ****
make all 
make: Nothing to be done for `all'.
15:23:30 **** Auto Build of configuration Debug for project signal_generator ****
make all 
Building file: ../src/square_wave.cpp
Invoking: MicroBlaze g++ compiler
mb-g++ -Wall -O0 -g3 -c -fmessage-length=0 -MT"src/square_wave.o" -I../../signal_generator_bsp/microblaze_0/include -mlittle-endian -mcpu=v10.0 -mxl-soft-mul -Wl,--no-relax -MMD -MP -MF"src/square_wave.d" -MT"src/square_wave.o" -o "src/square_wave.o" "../src/square_wave.cpp"
Finished building: ../src/square_wave.cpp
 
Building target: signal_generator.elf
Invoking: MicroBlaze g++ linker
mb-g++ -Wl,-T -Wl,../src/lscript.ld -L../../signal_generator_bsp/microblaze_0/lib -mlittle-endian -mcpu=v10.0 -mxl-soft-mul -Wl,--no-relax -o "signal_generator.elf"  ./src/DA_Transformer.o ./src/Seg_TimerCounterHandler.o ./src/SwitchHandler.o ./src/main.o ./src/sawtooth_wave.o ./src/square_wave.o ./src/triangle_wave.o   -Wl,--start-group,-lxil,-lgcc,-lc,-lstdc++,--end-group
Finished building target: signal_generator.elf
 
Invoking: MicroBlaze Print Size
mb-size signal_generator.elf  |tee "signal_generator.elf.size"
   text	   data	    bss	    dec	    hex	filename
   7708	    468	   3136	  11312	   2c30	signal_generator.elf
Finished building: signal_generator.elf.size
 
15:26:39 **** Incremental Build of configuration Debug for project signal_generator ****
make all 
make: Nothing to be done for `all'.
15:30:13 **** Auto Build of configuration Debug for project signal_generator ****
make all 
Building file: ../src/DA_Transformer.cpp
Invoking: MicroBlaze g++ compiler
mb-g++ -Wall -O0 -g3 -c -fmessage-length=0 -MT"src/DA_Transformer.o" -I../../signal_generator_bsp/microblaze_0/include -mlittle-endian -mcpu=v10.0 -mxl-soft-mul -Wl,--no-relax -MMD -MP -MF"src/DA_Transformer.d" -MT"src/DA_Transformer.o" -o "src/DA_Transformer.o" "../src/DA_Transformer.cpp"
Finished building: ../src/DA_Transformer.cpp
 
Building target: signal_generator.elf
Invoking: MicroBlaze g++ linker
mb-g++ -Wl,-T -Wl,../src/lscript.ld -L../../signal_generator_bsp/microblaze_0/lib -mlittle-endian -mcpu=v10.0 -mxl-soft-mul -Wl,--no-relax -o "signal_generator.elf"  ./src/DA_Transformer.o ./src/Seg_TimerCounterHandler.o ./src/SwitchHandler.o ./src/main.o ./src/sawtooth_wave.o ./src/square_wave.o ./src/triangle_wave.o   -Wl,--start-group,-lxil,-lgcc,-lc,-lstdc++,--end-group
Finished building target: signal_generator.elf
 
Invoking: MicroBlaze Print Size
mb-size signal_generator.elf  |tee "signal_generator.elf.size"
   text	   data	    bss	    dec	    hex	filename
   7708	    468	   3136	  11312	   2c30	signal_generator.elf
Finished building: signal_generator.elf.size
 
15:33:41 **** Auto Build of configuration Debug for project signal_generator ****
make all 
Building file: ../src/square_wave.cpp
Invoking: MicroBlaze g++ compiler
mb-g++ -Wall -O0 -g3 -c -fmessage-length=0 -MT"src/square_wave.o" -I../../signal_generator_bsp/microblaze_0/include -mlittle-endian -mcpu=v10.0 -mxl-soft-mul -Wl,--no-relax -MMD -MP -MF"src/square_wave.d" -MT"src/square_wave.o" -o "src/square_wave.o" "../src/square_wave.cpp"
Finished building: ../src/square_wave.cpp
 
Building target: signal_generator.elf
Invoking: MicroBlaze g++ linker
mb-g++ -Wl,-T -Wl,../src/lscript.ld -L../../signal_generator_bsp/microblaze_0/lib -mlittle-endian -mcpu=v10.0 -mxl-soft-mul -Wl,--no-relax -o "signal_generator.elf"  ./src/DA_Transformer.o ./src/Seg_TimerCounterHandler.o ./src/SwitchHandler.o ./src/main.o ./src/sawtooth_wave.o ./src/square_wave.o ./src/triangle_wave.o   -Wl,--start-group,-lxil,-lgcc,-lc,-lstdc++,--end-group
Finished building target: signal_generator.elf
 
Invoking: MicroBlaze Print Size
mb-size signal_generator.elf  |tee "signal_generator.elf.size"
   text	   data	    bss	    dec	    hex	filename
   7832	    468	   3132	  11432	   2ca8	signal_generator.elf
Finished building: signal_generator.elf.size
 
15:33:51 **** Incremental Build of configuration Debug for project signal_generator ****
make all 
make: Nothing to be done for `all'.
15:59:59 **** Auto Build of configuration Debug for project signal_generator ****
make all 
Building file: ../src/DA_Transformer.cpp
Invoking: MicroBlaze g++ compiler
mb-g++ -Wall -O0 -g3 -c -fmessage-length=0 -MT"src/DA_Transformer.o" -I../../signal_generator_bsp/microblaze_0/include -mlittle-endian -mcpu=v10.0 -mxl-soft-mul -Wl,--no-relax -MMD -MP -MF"src/DA_Transformer.d" -MT"src/DA_Transformer.o" -o "src/DA_Transformer.o" "../src/DA_Transformer.cpp"
../src/DA_Transformer.cpp:13:1: error: 'vector' does not name a type
 vector<const int> sin_wave_sample = {1000,1010,1020,1030,1040,1050,1060,1070,1080,1090,1100,1110,1120,1130,1140,1149,1159,1169,1179,1189,1199,1208,1218,1228,1238,1247,1257,1267,1276,1286,1296,1305,1315,1324,1333,1343,1352,1362,1371,1380,1389,1399,1408,1417,1426,1435,1444,1453,1462,1471,1479,1488,1497,1506,1514,1523,1531,1540,1548,1556,1565,1573,1581,1589,1597,1605,1613,1621,1629,1637,1644,1652,1659,1667,1674,1682,1689,1696,1703,1710,1717,1724,1731,1738,1745,1751,1758,1764,1771,1777,1783,1790,1796,1802,1808,1813,1819,1825,1830,1836,1841,1847,1852,1857,1862,1867,1872,1877,1882,1887,1891,1896,1900,1904,1909,1913,1917,1921,1925,1928,1932,1936,1939,1942,1946,1949,1952,1955,1958,1961,1964,1966,1969,1971,1973,1976,1978,1980,1982,1984,1985,1987,1989,1990,1991,1993,1994,1995,1996,1997,1997,1998,1999,1999,2000,2000,2000,2000,2000,2000,2000,1999,1999,1998,1998,1997,1996,1995,1994,1993,1992,1990,1989,1987,1986,1984,1982,1980,1978,1976,1974,1972,1969,1967,1964,1961,1958,1956,1953,1949,1946,1943,1940,1936,1933,1929,1925,1921,1917,1913,1909,1905,1901,1896,1892,1887,1883,1878,1873,1868,1863,1858,1853,1848,1842,1837,1831,1826,1820,1814,1808,1803,1797,1790,1784,1778,1772,1765,1759,1752,1746,1739,1732,1725,1718,1711,1704,1697,1690,1683,1675,1668,1661,1653,1645,1638,1630,1622,1614,1606,1598,1590,1582,1574,1566,1558,1549,1541,1533,1524,1516,1507,1498,1490,1481,1472,1463,1454,1445,1436,1427,1418,1409,1400,1391,1382,1372,1363,1354,1344,1335,1326,1316,1307,1297,1287,1278,1268,1259,1249,1239,1230,1220,1210,1200,1190,1181,1171,1161,1151,1141,1131,1121,1111,1101,1091,1082,1072,1062,1052,1042,1032,1022,1012,1002,992,982,972,962,952,942,932,922,912,902,892,882,872,862,852,842,832,823,813,803,793,783,774,764,754,744,735,725,716,706,696,687,677,668,659,649,640,631,621,612,603,594,585,576,566,557,549,540,531,522,513,505,496,487,479,470,462,453,445,437,428,420,412,404,396,388,380,372,365,357,349,342,334,327,320,312,305,298,291,284,277,270,263,256,250,243,237,230,224,218,211,205,199,193,188,182,176,170,165,159,154,149,144,138,133,128,124,119,114,110,105,101,96,92,88,84,80,76,72,69,65,61,58,55,52,48,45,42,40,37,34,32,29,27,25,22,20,18,17,15,13,12,10,9,7,6,5,4,3,3,2,1,1,1,0,0,0,0,0,0,1,1,2,2,3,4,5,6,7,8,9,11,12,14,16,18,19,21,24,26,28,30,33,36,38,41,44,47,50,53,56,60,63,67,70,74,78,82,86,90,94,99,103,107,112,117,121,126,131,136,141,146,151,157,162,168,173,179,185,191,196,202,209,215,221,227,234,240,247,253,260,267,274,280,287,294,302,309,316,323,331,338,346,353,361,369,377,384,392,400,408,416,425,433,441,449,458,466,475,483,492,500,509,518,527,535,544,553,562,571,580,589,598,608,617,626,635,645,654,664,673,682,692,701,711,721,730,740,750,759,769,779,788,798,808,818,828,838,847,857,867,877,887,897,907,917,927,937,947,957,967,977,987,997};
 ^
make: *** [src/DA_Transformer.o] ´íÎó 1
16:00:27 **** Auto Build of configuration Debug for project signal_generator ****
make all 
Building file: ../src/DA_Transformer.cpp
Invoking: MicroBlaze g++ compiler
mb-g++ -Wall -O0 -g3 -c -fmessage-length=0 -MT"src/DA_Transformer.o" -I../../signal_generator_bsp/microblaze_0/include -mlittle-endian -mcpu=v10.0 -mxl-soft-mul -Wl,--no-relax -MMD -MP -MF"src/DA_Transformer.d" -MT"src/DA_Transformer.o" -o "src/DA_Transformer.o" "../src/DA_Transformer.cpp"
../src/DA_Transformer.cpp:9:20: fatal error: vector.h: No such file or directory
compilation terminated.
make: *** [src/DA_Transformer.o] ´íÎó 1
16:01:37 **** Auto Build of configuration Debug for project signal_generator ****
make all 
Building file: ../src/DA_Transformer.cpp
Invoking: MicroBlaze g++ compiler
mb-g++ -Wall -O0 -g3 -c -fmessage-length=0 -MT"src/DA_Transformer.o" -I../../signal_generator_bsp/microblaze_0/include -mlittle-endian -mcpu=v10.0 -mxl-soft-mul -Wl,--no-relax -MMD -MP -MF"src/DA_Transformer.d" -MT"src/DA_Transformer.o" -o "src/DA_Transformer.o" "../src/DA_Transformer.cpp"
../src/DA_Transformer.cpp: In function 'void DA_Transformer(int)':
../src/DA_Transformer.cpp:28:5: error: expected '(' before '{' token
     {
     ^
make: *** [src/DA_Transformer.o] ´íÎó 1
16:01:42 **** Auto Build of configuration Debug for project signal_generator ****
make all 
Building file: ../src/DA_Transformer.cpp
Invoking: MicroBlaze g++ compiler
mb-g++ -Wall -O0 -g3 -c -fmessage-length=0 -MT"src/DA_Transformer.o" -I../../signal_generator_bsp/microblaze_0/include -mlittle-endian -mcpu=v10.0 -mxl-soft-mul -Wl,--no-relax -MMD -MP -MF"src/DA_Transformer.d" -MT"src/DA_Transformer.o" -o "src/DA_Transformer.o" "../src/DA_Transformer.cpp"
Finished building: ../src/DA_Transformer.cpp
 
Building target: signal_generator.elf
Invoking: MicroBlaze g++ linker
mb-g++ -Wl,-T -Wl,../src/lscript.ld -L../../signal_generator_bsp/microblaze_0/lib -mlittle-endian -mcpu=v10.0 -mxl-soft-mul -Wl,--no-relax -o "signal_generator.elf"  ./src/DA_Transformer.o ./src/Seg_TimerCounterHandler.o ./src/SwitchHandler.o ./src/main.o ./src/sawtooth_wave.o ./src/square_wave.o ./src/triangle_wave.o   -Wl,--start-group,-lxil,-lgcc,-lc,-lstdc++,--end-group
Finished building target: signal_generator.elf
 
Invoking: MicroBlaze Print Size
mb-size signal_generator.elf  |tee "signal_generator.elf.size"
   text	   data	    bss	    dec	    hex	filename
  10352	    468	   3132	  13952	   3680	signal_generator.elf
Finished building: signal_generator.elf.size
 
16:01:56 **** Auto Build of configuration Debug for project signal_generator ****
make all 
Building file: ../src/main.cpp
Invoking: MicroBlaze g++ compiler
mb-g++ -Wall -O0 -g3 -c -fmessage-length=0 -MT"src/main.o" -I../../signal_generator_bsp/microblaze_0/include -mlittle-endian -mcpu=v10.0 -mxl-soft-mul -Wl,--no-relax -MMD -MP -MF"src/main.d" -MT"src/main.o" -o "src/main.o" "../src/main.cpp"
Finished building: ../src/main.cpp
 
Building target: signal_generator.elf
Invoking: MicroBlaze g++ linker
mb-g++ -Wl,-T -Wl,../src/lscript.ld -L../../signal_generator_bsp/microblaze_0/lib -mlittle-endian -mcpu=v10.0 -mxl-soft-mul -Wl,--no-relax -o "signal_generator.elf"  ./src/DA_Transformer.o ./src/Seg_TimerCounterHandler.o ./src/SwitchHandler.o ./src/main.o ./src/sawtooth_wave.o ./src/square_wave.o ./src/triangle_wave.o   -Wl,--start-group,-lxil,-lgcc,-lc,-lstdc++,--end-group
Finished building target: signal_generator.elf
 
Invoking: MicroBlaze Print Size
mb-size signal_generator.elf  |tee "signal_generator.elf.size"
   text	   data	    bss	    dec	    hex	filename
  10380	    468	   3136	  13984	   36a0	signal_generator.elf
Finished building: signal_generator.elf.size
 
16:02:01 **** Incremental Build of configuration Debug for project signal_generator ****
make all 
make: Nothing to be done for `all'.
16:02:36 **** Auto Build of configuration Debug for project signal_generator ****
make all 
Building file: ../src/main.cpp
Invoking: MicroBlaze g++ compiler
mb-g++ -Wall -O0 -g3 -c -fmessage-length=0 -MT"src/main.o" -I../../signal_generator_bsp/microblaze_0/include -mlittle-endian -mcpu=v10.0 -mxl-soft-mul -Wl,--no-relax -MMD -MP -MF"src/main.d" -MT"src/main.o" -o "src/main.o" "../src/main.cpp"
Finished building: ../src/main.cpp
 
Building target: signal_generator.elf
Invoking: MicroBlaze g++ linker
mb-g++ -Wl,-T -Wl,../src/lscript.ld -L../../signal_generator_bsp/microblaze_0/lib -mlittle-endian -mcpu=v10.0 -mxl-soft-mul -Wl,--no-relax -o "signal_generator.elf"  ./src/DA_Transformer.o ./src/Seg_TimerCounterHandler.o ./src/SwitchHandler.o ./src/main.o ./src/sawtooth_wave.o ./src/square_wave.o ./src/triangle_wave.o   -Wl,--start-group,-lxil,-lgcc,-lc,-lstdc++,--end-group
Finished building target: signal_generator.elf
 
Invoking: MicroBlaze Print Size
mb-size signal_generator.elf  |tee "signal_generator.elf.size"
   text	   data	    bss	    dec	    hex	filename
  10352	    468	   3132	  13952	   3680	signal_generator.elf
Finished building: signal_generator.elf.size
 
16:02:42 **** Incremental Build of configuration Debug for project signal_generator ****
make all 
make: Nothing to be done for `all'.
16:03:49 **** Auto Build of configuration Debug for project signal_generator ****
make all 
Building file: ../src/sin_wave.cpp
Invoking: MicroBlaze g++ compiler
mb-g++ -Wall -O0 -g3 -c -fmessage-length=0 -MT"src/sin_wave.o" -I../../signal_generator_bsp/microblaze_0/include -mlittle-endian -mcpu=v10.0 -mxl-soft-mul -Wl,--no-relax -MMD -MP -MF"src/sin_wave.d" -MT"src/sin_wave.o" -o "src/sin_wave.o" "../src/sin_wave.cpp"
Finished building: ../src/sin_wave.cpp
 
Building target: signal_generator.elf
Invoking: MicroBlaze g++ linker
mb-g++ -Wl,-T -Wl,../src/lscript.ld -L../../signal_generator_bsp/microblaze_0/lib -mlittle-endian -mcpu=v10.0 -mxl-soft-mul -Wl,--no-relax -o "signal_generator.elf"  ./src/DA_Transformer.o ./src/Seg_TimerCounterHandler.o ./src/SwitchHandler.o ./src/main.o ./src/sawtooth_wave.o ./src/sin_wave.o ./src/square_wave.o ./src/triangle_wave.o   -Wl,--start-group,-lxil,-lgcc,-lc,-lstdc++,--end-group
Finished building target: signal_generator.elf
 
Invoking: MicroBlaze Print Size
mb-size signal_generator.elf  |tee "signal_generator.elf.size"
   text	   data	    bss	    dec	    hex	filename
  10352	    468	   3132	  13952	   3680	signal_generator.elf
Finished building: signal_generator.elf.size
 
16:06:49 **** Auto Build of configuration Debug for project signal_generator ****
make all 
Building file: ../src/sin_wave.cpp
Invoking: MicroBlaze g++ compiler
mb-g++ -Wall -O0 -g3 -c -fmessage-length=0 -MT"src/sin_wave.o" -I../../signal_generator_bsp/microblaze_0/include -mlittle-endian -mcpu=v10.0 -mxl-soft-mul -Wl,--no-relax -MMD -MP -MF"src/sin_wave.d" -MT"src/sin_wave.o" -o "src/sin_wave.o" "../src/sin_wave.cpp"
../src/sin_wave.cpp: In function 'void sin_wave(int&, int&, const int*)':
../src/sin_wave.cpp:13:12: error: 'XPAR_AXI_QUAD_SPI_0_BASEADDR' was not declared in this scope
  Xil_Out16(XPAR_AXI_QUAD_SPI_0_BASEADDR+XSP_DTR_OFFSET,volt&0xfff);//Æô¶¯SPI´«Êä£¬²úÉúÊ±ÖÓºÍÆ¬Ñ¡ÐÅºÅ
            ^
../src/sin_wave.cpp:13:41: error: 'XSP_DTR_OFFSET' was not declared in this scope
  Xil_Out16(XPAR_AXI_QUAD_SPI_0_BASEADDR+XSP_DTR_OFFSET,volt&0xfff);//Æô¶¯SPI´«Êä£¬²úÉúÊ±ÖÓºÍÆ¬Ñ¡ÐÅºÅ
                                         ^
../src/sin_wave.cpp:13:66: error: 'Xil_Out16' was not declared in this scope
  Xil_Out16(XPAR_AXI_QUAD_SPI_0_BASEADDR+XSP_DTR_OFFSET,volt&0xfff);//Æô¶¯SPI´«Êä£¬²úÉúÊ±ÖÓºÍÆ¬Ñ¡ÐÅºÅ
                                                                  ^
make: *** [src/sin_wave.o] ´íÎó 1
16:08:11 **** Auto Build of configuration Debug for project signal_generator ****
make all 
Building file: ../src/sin_wave.cpp
Invoking: MicroBlaze g++ compiler
mb-g++ -Wall -O0 -g3 -c -fmessage-length=0 -MT"src/sin_wave.o" -I../../signal_generator_bsp/microblaze_0/include -mlittle-endian -mcpu=v10.0 -mxl-soft-mul -Wl,--no-relax -MMD -MP -MF"src/sin_wave.d" -MT"src/sin_wave.o" -o "src/sin_wave.o" "../src/sin_wave.cpp"
Finished building: ../src/sin_wave.cpp
 
Building target: signal_generator.elf
Invoking: MicroBlaze g++ linker
mb-g++ -Wl,-T -Wl,../src/lscript.ld -L../../signal_generator_bsp/microblaze_0/lib -mlittle-endian -mcpu=v10.0 -mxl-soft-mul -Wl,--no-relax -o "signal_generator.elf"  ./src/DA_Transformer.o ./src/Seg_TimerCounterHandler.o ./src/SwitchHandler.o ./src/main.o ./src/sawtooth_wave.o ./src/sin_wave.o ./src/square_wave.o ./src/triangle_wave.o   -Wl,--start-group,-lxil,-lgcc,-lc,-lstdc++,--end-group
Finished building target: signal_generator.elf
 
Invoking: MicroBlaze Print Size
mb-size signal_generator.elf  |tee "signal_generator.elf.size"
   text	   data	    bss	    dec	    hex	filename
  10612	    468	   3136	  14216	   3788	signal_generator.elf
Finished building: signal_generator.elf.size
 
16:08:43 **** Auto Build of configuration Debug for project signal_generator ****
make all 
Building file: ../src/DA_Transformer.cpp
Invoking: MicroBlaze g++ compiler
mb-g++ -Wall -O0 -g3 -c -fmessage-length=0 -MT"src/DA_Transformer.o" -I../../signal_generator_bsp/microblaze_0/include -mlittle-endian -mcpu=v10.0 -mxl-soft-mul -Wl,--no-relax -MMD -MP -MF"src/DA_Transformer.d" -MT"src/DA_Transformer.o" -o "src/DA_Transformer.o" "../src/DA_Transformer.cpp"
Finished building: ../src/DA_Transformer.cpp
 
Building target: signal_generator.elf
Invoking: MicroBlaze g++ linker
mb-g++ -Wl,-T -Wl,../src/lscript.ld -L../../signal_generator_bsp/microblaze_0/lib -mlittle-endian -mcpu=v10.0 -mxl-soft-mul -Wl,--no-relax -o "signal_generator.elf"  ./src/DA_Transformer.o ./src/Seg_TimerCounterHandler.o ./src/SwitchHandler.o ./src/main.o ./src/sawtooth_wave.o ./src/sin_wave.o ./src/square_wave.o ./src/triangle_wave.o   -Wl,--start-group,-lxil,-lgcc,-lc,-lstdc++,--end-group
Finished building target: signal_generator.elf
 
Invoking: MicroBlaze Print Size
mb-size signal_generator.elf  |tee "signal_generator.elf.size"
   text	   data	    bss	    dec	    hex	filename
  10612	    468	   3136	  14216	   3788	signal_generator.elf
Finished building: signal_generator.elf.size
 
16:09:50 **** Auto Build of configuration Debug for project signal_generator ****
make all 
Building file: ../src/DA_Transformer.cpp
Invoking: MicroBlaze g++ compiler
mb-g++ -Wall -O0 -g3 -c -fmessage-length=0 -MT"src/DA_Transformer.o" -I../../signal_generator_bsp/microblaze_0/include -mlittle-endian -mcpu=v10.0 -mxl-soft-mul -Wl,--no-relax -MMD -MP -MF"src/DA_Transformer.d" -MT"src/DA_Transformer.o" -o "src/DA_Transformer.o" "../src/DA_Transformer.cpp"
../src/DA_Transformer.cpp: In function 'void DA_Transformer(int)':
../src/DA_Transformer.cpp:27:13: error: 'countrol' was not declared in this scope
     else if(countrol == 8194)
             ^
make: *** [src/DA_Transformer.o] ´íÎó 1
16:09:57 **** Auto Build of configuration Debug for project signal_generator ****
make all 
Building file: ../src/DA_Transformer.cpp
Invoking: MicroBlaze g++ compiler
mb-g++ -Wall -O0 -g3 -c -fmessage-length=0 -MT"src/DA_Transformer.o" -I../../signal_generator_bsp/microblaze_0/include -mlittle-endian -mcpu=v10.0 -mxl-soft-mul -Wl,--no-relax -MMD -MP -MF"src/DA_Transformer.d" -MT"src/DA_Transformer.o" -o "src/DA_Transformer.o" "../src/DA_Transformer.cpp"
Finished building: ../src/DA_Transformer.cpp
 
Building target: signal_generator.elf
Invoking: MicroBlaze g++ linker
mb-g++ -Wl,-T -Wl,../src/lscript.ld -L../../signal_generator_bsp/microblaze_0/lib -mlittle-endian -mcpu=v10.0 -mxl-soft-mul -Wl,--no-relax -o "signal_generator.elf"  ./src/DA_Transformer.o ./src/Seg_TimerCounterHandler.o ./src/SwitchHandler.o ./src/main.o ./src/sawtooth_wave.o ./src/sin_wave.o ./src/square_wave.o ./src/triangle_wave.o   -Wl,--start-group,-lxil,-lgcc,-lc,-lstdc++,--end-group
Finished building target: signal_generator.elf
 
Invoking: MicroBlaze Print Size
mb-size signal_generator.elf  |tee "signal_generator.elf.size"
   text	   data	    bss	    dec	    hex	filename
  10664	    468	   3132	  14264	   37b8	signal_generator.elf
Finished building: signal_generator.elf.size
 
16:10:07 **** Incremental Build of configuration Debug for project signal_generator ****
make all 
make: Nothing to be done for `all'.
16:27:55 **** Incremental Build of configuration Debug for project signal_generator ****
make all 
make: Nothing to be done for `all'.
